Archive member included to satisfy reference by file (symbol)

/usr/lib/gcc/arm-none-eabi/13.2.1/../../../arm-none-eabi/lib/thumb/v7-m/nofp/libc_nano.a(libc_a-memset.o)
                              build/tasks.o (memset)
/usr/lib/gcc/arm-none-eabi/13.2.1/../../../arm-none-eabi/lib/thumb/v7-m/nofp/libc_nano.a(libc_a-memcpy.o)
                              build/queue.o (memcpy)

Discarded input sections

 .group         0x00000000        0xc build/main.o
 .group         0x00000000        0xc build/main.o
 .group         0x00000000        0xc build/main.o
 .group         0x00000000        0xc build/main.o
 .group         0x00000000        0xc build/main.o
 .group         0x00000000        0xc build/main.o
 .group         0x00000000        0xc build/main.o
 .group         0x00000000        0xc build/main.o
 .group         0x00000000        0xc build/main.o
 .group         0x00000000        0xc build/main.o
 .group         0x00000000        0xc build/main.o
 .group         0x00000000        0xc build/main.o
 .group         0x00000000        0xc build/main.o
 .group         0x00000000        0xc build/main.o
 .group         0x00000000        0xc build/main.o
 .group         0x00000000        0xc build/main.o
 .group         0x00000000        0xc build/main.o
 .text          0x00000000        0x0 build/main.o
 .data          0x00000000        0x0 build/main.o
 .bss           0x00000000        0x0 build/main.o
 .group         0x00000000        0xc build/tasks.o
 .group         0x00000000        0xc build/tasks.o
 .group         0x00000000        0xc build/tasks.o
 .group         0x00000000        0xc build/tasks.o
 .group         0x00000000        0xc build/tasks.o
 .group         0x00000000        0xc build/tasks.o
 .group         0x00000000        0xc build/tasks.o
 .group         0x00000000        0xc build/tasks.o
 .group         0x00000000        0xc build/tasks.o
 .group         0x00000000        0xc build/tasks.o
 .group         0x00000000        0xc build/tasks.o
 .group         0x00000000        0xc build/tasks.o
 .group         0x00000000        0xc build/tasks.o
 .group         0x00000000        0xc build/tasks.o
 .group         0x00000000        0xc build/tasks.o
 .group         0x00000000        0xc build/tasks.o
 .group         0x00000000        0xc build/tasks.o
 .group         0x00000000        0xc build/tasks.o
 .group         0x00000000        0xc build/tasks.o
 .group         0x00000000        0xc build/tasks.o
 .group         0x00000000        0xc build/tasks.o
 .group         0x00000000        0xc build/tasks.o
 .group         0x00000000        0xc build/tasks.o
 .group         0x00000000        0xc build/tasks.o
 .group         0x00000000        0xc build/tasks.o
 .group         0x00000000        0xc build/tasks.o
 .group         0x00000000        0xc build/tasks.o
 .group         0x00000000        0xc build/tasks.o
 .group         0x00000000        0xc build/tasks.o
 .group         0x00000000        0xc build/tasks.o
 .group         0x00000000        0xc build/tasks.o
 .group         0x00000000        0xc build/tasks.o
 .group         0x00000000        0xc build/tasks.o
 .group         0x00000000        0xc build/tasks.o
 .group         0x00000000        0xc build/tasks.o
 .group         0x00000000        0xc build/tasks.o
 .text          0x00000000        0x0 build/tasks.o
 .data          0x00000000        0x0 build/tasks.o
 .bss           0x00000000        0x0 build/tasks.o
 .text.prvTaskIsTaskSuspended
                0x00000000       0x2c build/tasks.o
 .text.vTaskDelete
                0x00000000       0xc4 build/tasks.o
 .text.uxTaskPriorityGet
                0x00000000       0x1c build/tasks.o
 .text.uxTaskPriorityGetFromISR
                0x00000000       0x28 build/tasks.o
 .text.uxTaskBasePriorityGet
                0x00000000       0x1c build/tasks.o
 .text.uxTaskBasePriorityGetFromISR
                0x00000000       0x28 build/tasks.o
 .text.vTaskPrioritySet
                0x00000000       0xdc build/tasks.o
 .text.vTaskResume
                0x00000000       0x88 build/tasks.o
 .text.xTaskResumeFromISR
                0x00000000       0xa0 build/tasks.o
 .text.vTaskEndScheduler
                0x00000000       0x34 build/tasks.o
 .text.xTaskGetTickCount
                0x00000000        0xc build/tasks.o
 .text.xTaskGetTickCountFromISR
                0x00000000        0xc build/tasks.o
 .text.uxTaskGetNumberOfTasks
                0x00000000        0xc build/tasks.o
 .text.pcTaskGetName
                0x00000000       0x10 build/tasks.o
 .text.xTaskCatchUpTicks
                0x00000000       0x24 build/tasks.o
 .text.vTaskSuspend
                0x00000000       0xbc build/tasks.o
 .text.vTaskPlaceOnUnorderedEventList
                0x00000000       0x40 build/tasks.o
 .text.vTaskRemoveFromUnorderedEventList
                0x00000000       0x94 build/tasks.o
 .text.vTaskSetTimeOutState
                0x00000000       0x24 build/tasks.o
 .text.xTaskGetCurrentTaskHandle
                0x00000000        0xc build/tasks.o
 .text.xTaskGetCurrentTaskHandleForCore
                0x00000000       0x10 build/tasks.o
 .text.uxTaskResetEventItemValue
                0x00000000       0x18 build/tasks.o
 .text.ulTaskGenericNotifyTake
                0x00000000       0xa4 build/tasks.o
 .text.xTaskGenericNotifyWait
                0x00000000       0xcc build/tasks.o
 .text.xTaskGenericNotify
                0x00000000       0xe8 build/tasks.o
 .text.xTaskGenericNotifyFromISR
                0x00000000      0x118 build/tasks.o
 .text.vTaskGenericNotifyGiveFromISR
                0x00000000       0xd8 build/tasks.o
 .text.xTaskGenericNotifyStateClear
                0x00000000       0x30 build/tasks.o
 .text.ulTaskGenericNotifyValueClear
                0x00000000       0x2c build/tasks.o
 .text.vTaskResetState
                0x00000000       0x64 build/tasks.o
 .debug_macro   0x00000000      0xac0 build/tasks.o
 .debug_macro   0x00000000      0x34e build/tasks.o
 .debug_macro   0x00000000       0x16 build/tasks.o
 .debug_macro   0x00000000       0xbe build/tasks.o
 .debug_macro   0x00000000       0x3a build/tasks.o
 .debug_macro   0x00000000      0x182 build/tasks.o
 .debug_macro   0x00000000       0xe7 build/tasks.o
 .debug_macro   0x00000000       0x3a build/tasks.o
 .debug_macro   0x00000000       0x1f build/tasks.o
 .debug_macro   0x00000000       0x12 build/tasks.o
 .debug_macro   0x00000000     0x113d build/tasks.o
 .debug_macro   0x00000000       0xc3 build/tasks.o
 .debug_macro   0x00000000      0x161 build/tasks.o
 .group         0x00000000        0xc build/list.o
 .group         0x00000000        0xc build/list.o
 .group         0x00000000        0xc build/list.o
 .group         0x00000000        0xc build/list.o
 .group         0x00000000        0xc build/list.o
 .group         0x00000000        0xc build/list.o
 .group         0x00000000        0xc build/list.o
 .group         0x00000000        0xc build/list.o
 .group         0x00000000        0xc build/list.o
 .group         0x00000000        0xc build/list.o
 .group         0x00000000        0xc build/list.o
 .group         0x00000000        0xc build/list.o
 .group         0x00000000        0xc build/list.o
 .group         0x00000000        0xc build/list.o
 .group         0x00000000        0xc build/list.o
 .group         0x00000000        0xc build/list.o
 .group         0x00000000        0xc build/list.o
 .group         0x00000000        0xc build/list.o
 .group         0x00000000        0xc build/list.o
 .group         0x00000000        0xc build/list.o
 .group         0x00000000        0xc build/list.o
 .group         0x00000000        0xc build/list.o
 .group         0x00000000        0xc build/list.o
 .group         0x00000000        0xc build/list.o
 .group         0x00000000        0xc build/list.o
 .group         0x00000000        0xc build/list.o
 .group         0x00000000        0xc build/list.o
 .group         0x00000000        0xc build/list.o
 .group         0x00000000        0xc build/list.o
 .group         0x00000000        0xc build/list.o
 .group         0x00000000        0xc build/list.o
 .text          0x00000000        0x0 build/list.o
 .data          0x00000000        0x0 build/list.o
 .bss           0x00000000        0x0 build/list.o
 .text.vListInsertEnd
                0x00000000       0x16 build/list.o
 .debug_macro   0x00000000      0xac0 build/list.o
 .debug_macro   0x00000000       0x24 build/list.o
 .debug_macro   0x00000000       0x22 build/list.o
 .debug_macro   0x00000000       0x60 build/list.o
 .debug_macro   0x00000000       0x94 build/list.o
 .debug_macro   0x00000000       0x3c build/list.o
 .debug_macro   0x00000000       0x34 build/list.o
 .debug_macro   0x00000000       0x16 build/list.o
 .debug_macro   0x00000000      0x11c build/list.o
 .debug_macro   0x00000000       0x9b build/list.o
 .debug_macro   0x00000000       0x57 build/list.o
 .debug_macro   0x00000000      0x370 build/list.o
 .debug_macro   0x00000000       0x16 build/list.o
 .debug_macro   0x00000000       0x4a build/list.o
 .debug_macro   0x00000000       0x34 build/list.o
 .debug_macro   0x00000000       0x10 build/list.o
 .debug_macro   0x00000000       0x52 build/list.o
 .debug_macro   0x00000000      0x1de build/list.o
 .debug_macro   0x00000000       0x16 build/list.o
 .debug_macro   0x00000000       0x29 build/list.o
 .debug_macro   0x00000000      0x34e build/list.o
 .debug_macro   0x00000000       0x16 build/list.o
 .debug_macro   0x00000000       0xbe build/list.o
 .debug_macro   0x00000000       0x3a build/list.o
 .debug_macro   0x00000000      0x182 build/list.o
 .debug_macro   0x00000000       0xe7 build/list.o
 .debug_macro   0x00000000       0x3a build/list.o
 .debug_macro   0x00000000       0x1f build/list.o
 .debug_macro   0x00000000       0x12 build/list.o
 .debug_macro   0x00000000     0x113d build/list.o
 .debug_macro   0x00000000       0xc3 build/list.o
 .group         0x00000000        0xc build/queue.o
 .group         0x00000000        0xc build/queue.o
 .group         0x00000000        0xc build/queue.o
 .group         0x00000000        0xc build/queue.o
 .group         0x00000000        0xc build/queue.o
 .group         0x00000000        0xc build/queue.o
 .group         0x00000000        0xc build/queue.o
 .group         0x00000000        0xc build/queue.o
 .group         0x00000000        0xc build/queue.o
 .group         0x00000000        0xc build/queue.o
 .group         0x00000000        0xc build/queue.o
 .group         0x00000000        0xc build/queue.o
 .group         0x00000000        0xc build/queue.o
 .group         0x00000000        0xc build/queue.o
 .group         0x00000000        0xc build/queue.o
 .group         0x00000000        0xc build/queue.o
 .group         0x00000000        0xc build/queue.o
 .group         0x00000000        0xc build/queue.o
 .group         0x00000000        0xc build/queue.o
 .group         0x00000000        0xc build/queue.o
 .group         0x00000000        0xc build/queue.o
 .group         0x00000000        0xc build/queue.o
 .group         0x00000000        0xc build/queue.o
 .group         0x00000000        0xc build/queue.o
 .group         0x00000000        0xc build/queue.o
 .group         0x00000000        0xc build/queue.o
 .group         0x00000000        0xc build/queue.o
 .group         0x00000000        0xc build/queue.o
 .group         0x00000000        0xc build/queue.o
 .group         0x00000000        0xc build/queue.o
 .group         0x00000000        0xc build/queue.o
 .group         0x00000000        0xc build/queue.o
 .group         0x00000000        0xc build/queue.o
 .group         0x00000000        0xc build/queue.o
 .group         0x00000000        0xc build/queue.o
 .text          0x00000000        0x0 build/queue.o
 .data          0x00000000        0x0 build/queue.o
 .bss           0x00000000        0x0 build/queue.o
 .text.prvCopyDataFromQueue
                0x00000000       0x28 build/queue.o
 .text.xQueueCreateMutex
                0x00000000       0x24 build/queue.o
 .text.xQueueGenericSendFromISR
                0x00000000       0x6c build/queue.o
 .text.xQueueGiveFromISR
                0x00000000       0x60 build/queue.o
 .text.xQueueReceive
                0x00000000       0xee build/queue.o
 .text.xQueuePeek
                0x00000000       0xec build/queue.o
 .text.xQueueReceiveFromISR
                0x00000000       0x6c build/queue.o
 .text.xQueuePeekFromISR
                0x00000000       0x30 build/queue.o
 .text.uxQueueMessagesWaiting
                0x00000000       0x12 build/queue.o
 .text.uxQueueSpacesAvailable
                0x00000000       0x16 build/queue.o
 .text.uxQueueMessagesWaitingFromISR
                0x00000000        0x4 build/queue.o
 .text.vQueueDelete
                0x00000000        0x4 build/queue.o
 .text.uxQueueGetQueueItemSize
                0x00000000        0x4 build/queue.o
 .text.uxQueueGetQueueLength
                0x00000000        0x4 build/queue.o
 .text.xQueueIsQueueEmptyFromISR
                0x00000000        0xa build/queue.o
 .text.xQueueIsQueueFullFromISR
                0x00000000        0xc build/queue.o
 .debug_macro   0x00000000      0xac0 build/queue.o
 .debug_macro   0x00000000       0x24 build/queue.o
 .debug_macro   0x00000000       0x22 build/queue.o
 .debug_macro   0x00000000       0x60 build/queue.o
 .debug_macro   0x00000000       0x94 build/queue.o
 .debug_macro   0x00000000       0x3c build/queue.o
 .debug_macro   0x00000000       0x34 build/queue.o
 .debug_macro   0x00000000       0x16 build/queue.o
 .debug_macro   0x00000000      0x11c build/queue.o
 .debug_macro   0x00000000       0x9b build/queue.o
 .debug_macro   0x00000000       0x57 build/queue.o
 .debug_macro   0x00000000      0x370 build/queue.o
 .debug_macro   0x00000000       0x16 build/queue.o
 .debug_macro   0x00000000       0x4a build/queue.o
 .debug_macro   0x00000000       0x34 build/queue.o
 .debug_macro   0x00000000       0x10 build/queue.o
 .debug_macro   0x00000000       0x52 build/queue.o
 .debug_macro   0x00000000      0x1de build/queue.o
 .debug_macro   0x00000000       0x16 build/queue.o
 .debug_macro   0x00000000       0x29 build/queue.o
 .debug_macro   0x00000000       0x16 build/queue.o
 .debug_macro   0x00000000       0x3c build/queue.o
 .debug_macro   0x00000000      0x34e build/queue.o
 .debug_macro   0x00000000       0x16 build/queue.o
 .debug_macro   0x00000000       0xbe build/queue.o
 .debug_macro   0x00000000       0x3a build/queue.o
 .debug_macro   0x00000000      0x182 build/queue.o
 .debug_macro   0x00000000       0xe7 build/queue.o
 .debug_macro   0x00000000       0x3a build/queue.o
 .debug_macro   0x00000000       0x1f build/queue.o
 .debug_macro   0x00000000       0x12 build/queue.o
 .debug_macro   0x00000000     0x113d build/queue.o
 .debug_macro   0x00000000       0xc3 build/queue.o
 .debug_macro   0x00000000      0x161 build/queue.o
 .debug_macro   0x00000000       0x80 build/queue.o
 .group         0x00000000        0xc build/port.o
 .group         0x00000000        0xc build/port.o
 .group         0x00000000        0xc build/port.o
 .group         0x00000000        0xc build/port.o
 .group         0x00000000        0xc build/port.o
 .group         0x00000000        0xc build/port.o
 .group         0x00000000        0xc build/port.o
 .group         0x00000000        0xc build/port.o
 .group         0x00000000        0xc build/port.o
 .group         0x00000000        0xc build/port.o
 .group         0x00000000        0xc build/port.o
 .group         0x00000000        0xc build/port.o
 .group         0x00000000        0xc build/port.o
 .group         0x00000000        0xc build/port.o
 .text          0x00000000        0x0 build/port.o
 .data          0x00000000        0x0 build/port.o
 .bss           0x00000000        0x0 build/port.o
 .text.vPortEndScheduler
                0x00000000        0x2 build/port.o
 .debug_macro   0x00000000      0xac0 build/port.o
 .debug_macro   0x00000000      0x190 build/port.o
 .debug_macro   0x00000000      0x34e build/port.o
 .debug_macro   0x00000000       0x16 build/port.o
 .debug_macro   0x00000000       0xbe build/port.o
 .debug_macro   0x00000000       0x3a build/port.o
 .debug_macro   0x00000000      0x182 build/port.o
 .debug_macro   0x00000000       0xe7 build/port.o
 .debug_macro   0x00000000       0x3a build/port.o
 .debug_macro   0x00000000       0x1f build/port.o
 .debug_macro   0x00000000       0x12 build/port.o
 .debug_macro   0x00000000     0x113d build/port.o
 .debug_macro   0x00000000       0xc3 build/port.o
 .debug_macro   0x00000000      0x161 build/port.o
 .group         0x00000000        0xc build/heap_4.o
 .group         0x00000000        0xc build/heap_4.o
 .group         0x00000000        0xc build/heap_4.o
 .group         0x00000000        0xc build/heap_4.o
 .group         0x00000000        0xc build/heap_4.o
 .group         0x00000000        0xc build/heap_4.o
 .group         0x00000000        0xc build/heap_4.o
 .group         0x00000000        0xc build/heap_4.o
 .group         0x00000000        0xc build/heap_4.o
 .group         0x00000000        0xc build/heap_4.o
 .group         0x00000000        0xc build/heap_4.o
 .group         0x00000000        0xc build/heap_4.o
 .group         0x00000000        0xc build/heap_4.o
 .group         0x00000000        0xc build/heap_4.o
 .group         0x00000000        0xc build/heap_4.o
 .group         0x00000000        0xc build/heap_4.o
 .group         0x00000000        0xc build/heap_4.o
 .group         0x00000000        0xc build/heap_4.o
 .group         0x00000000        0xc build/heap_4.o
 .group         0x00000000        0xc build/heap_4.o
 .group         0x00000000        0xc build/heap_4.o
 .group         0x00000000        0xc build/heap_4.o
 .group         0x00000000        0xc build/heap_4.o
 .group         0x00000000        0xc build/heap_4.o
 .group         0x00000000        0xc build/heap_4.o
 .group         0x00000000        0xc build/heap_4.o
 .group         0x00000000        0xc build/heap_4.o
 .group         0x00000000        0xc build/heap_4.o
 .group         0x00000000        0xc build/heap_4.o
 .group         0x00000000        0xc build/heap_4.o
 .group         0x00000000        0xc build/heap_4.o
 .group         0x00000000        0xc build/heap_4.o
 .group         0x00000000        0xc build/heap_4.o
 .group         0x00000000        0xc build/heap_4.o
 .text          0x00000000        0x0 build/heap_4.o
 .data          0x00000000        0x0 build/heap_4.o
 .bss           0x00000000        0x0 build/heap_4.o
 .text.xPortGetFreeHeapSize
                0x00000000        0xc build/heap_4.o
 .text.xPortGetMinimumEverFreeHeapSize
                0x00000000        0xc build/heap_4.o
 .text.xPortResetHeapMinimumEverFreeHeapSize
                0x00000000       0x14 build/heap_4.o
 .text.vPortInitialiseBlocks
                0x00000000        0x2 build/heap_4.o
 .text.pvPortCalloc
                0x00000000       0x2a build/heap_4.o
 .text.vPortGetHeapStats
                0x00000000       0x84 build/heap_4.o
 .text.vPortHeapResetState
                0x00000000       0x2c build/heap_4.o
 .debug_macro   0x00000000      0xac0 build/heap_4.o
 .debug_macro   0x00000000       0x24 build/heap_4.o
 .debug_macro   0x00000000       0x22 build/heap_4.o
 .debug_macro   0x00000000       0x60 build/heap_4.o
 .debug_macro   0x00000000       0x94 build/heap_4.o
 .debug_macro   0x00000000       0x3c build/heap_4.o
 .debug_macro   0x00000000       0x34 build/heap_4.o
 .debug_macro   0x00000000       0x16 build/heap_4.o
 .debug_macro   0x00000000      0x11c build/heap_4.o
 .debug_macro   0x00000000       0x9b build/heap_4.o
 .debug_macro   0x00000000       0x57 build/heap_4.o
 .debug_macro   0x00000000      0x370 build/heap_4.o
 .debug_macro   0x00000000       0x16 build/heap_4.o
 .debug_macro   0x00000000       0x4a build/heap_4.o
 .debug_macro   0x00000000       0x34 build/heap_4.o
 .debug_macro   0x00000000       0x10 build/heap_4.o
 .debug_macro   0x00000000       0x52 build/heap_4.o
 .debug_macro   0x00000000      0x1de build/heap_4.o
 .debug_macro   0x00000000       0x16 build/heap_4.o
 .debug_macro   0x00000000       0x29 build/heap_4.o
 .debug_macro   0x00000000       0x16 build/heap_4.o
 .debug_macro   0x00000000       0x3c build/heap_4.o
 .debug_macro   0x00000000      0x34e build/heap_4.o
 .debug_macro   0x00000000       0x16 build/heap_4.o
 .debug_macro   0x00000000       0xbe build/heap_4.o
 .debug_macro   0x00000000       0x3a build/heap_4.o
 .debug_macro   0x00000000      0x182 build/heap_4.o
 .debug_macro   0x00000000       0xe7 build/heap_4.o
 .debug_macro   0x00000000       0x3a build/heap_4.o
 .debug_macro   0x00000000       0x1f build/heap_4.o
 .debug_macro   0x00000000       0x12 build/heap_4.o
 .debug_macro   0x00000000     0x113d build/heap_4.o
 .debug_macro   0x00000000       0xc3 build/heap_4.o
 .debug_macro   0x00000000      0x161 build/heap_4.o
 .text          0x00000000        0x0 build/startup_stm32f103.o
 .data          0x00000000        0x0 build/startup_stm32f103.o
 .bss           0x00000000        0x0 build/startup_stm32f103.o
 .data          0x00000000        0x0 /usr/lib/gcc/arm-none-eabi/13.2.1/../../../arm-none-eabi/lib/thumb/v7-m/nofp/libc_nano.a(libc_a-memset.o)
 .bss           0x00000000        0x0 /usr/lib/gcc/arm-none-eabi/13.2.1/../../../arm-none-eabi/lib/thumb/v7-m/nofp/libc_nano.a(libc_a-memset.o)
 .data          0x00000000        0x0 /usr/lib/gcc/arm-none-eabi/13.2.1/../../../arm-none-eabi/lib/thumb/v7-m/nofp/libc_nano.a(libc_a-memcpy.o)
 .bss           0x00000000        0x0 /usr/lib/gcc/arm-none-eabi/13.2.1/../../../arm-none-eabi/lib/thumb/v7-m/nofp/libc_nano.a(libc_a-memcpy.o)
 .ARM.extab     0x00000000        0x0 /usr/lib/gcc/arm-none-eabi/13.2.1/../../../arm-none-eabi/lib/thumb/v7-m/nofp/libc_nano.a(libc_a-memcpy.o)
 .eh_frame      0x00000000       0x2c /usr/lib/gcc/arm-none-eabi/13.2.1/../../../arm-none-eabi/lib/thumb/v7-m/nofp/libc_nano.a(libc_a-memcpy.o)

Memory Configuration

Name             Origin             Length             Attributes
FLASH            0x08000000         0x00010000         xr
RAM              0x20000000         0x00005000         xrw
*default*        0x00000000         0xffffffff

Linker script and memory map

LOAD build/main.o
LOAD build/tasks.o
LOAD build/list.o
LOAD build/queue.o
LOAD build/port.o
LOAD build/heap_4.o
LOAD build/startup_stm32f103.o
START GROUP
LOAD /usr/lib/gcc/arm-none-eabi/13.2.1/thumb/v7-m/nofp/libgcc.a
LOAD /usr/lib/gcc/arm-none-eabi/13.2.1/../../../arm-none-eabi/lib/thumb/v7-m/nofp/libc_nano.a
END GROUP
START GROUP
LOAD /usr/lib/gcc/arm-none-eabi/13.2.1/thumb/v7-m/nofp/libgcc.a
LOAD /usr/lib/gcc/arm-none-eabi/13.2.1/../../../arm-none-eabi/lib/thumb/v7-m/nofp/libc_nano.a
LOAD /usr/lib/gcc/arm-none-eabi/13.2.1/../../../arm-none-eabi/lib/thumb/v7-m/nofp/libnosys.a
END GROUP
START GROUP
LOAD /usr/lib/gcc/arm-none-eabi/13.2.1/thumb/v7-m/nofp/libgcc.a
LOAD /usr/lib/gcc/arm-none-eabi/13.2.1/../../../arm-none-eabi/lib/thumb/v7-m/nofp/libc_nano.a
LOAD /usr/lib/gcc/arm-none-eabi/13.2.1/../../../arm-none-eabi/lib/thumb/v7-m/nofp/libnosys.a
END GROUP
                0x20005000                        _estack = (ORIGIN (RAM) + LENGTH (RAM))

.isr_vector     0x08000000       0xec
                0x08000000                        . = ALIGN (0x4)
 *(.isr_vector)
 .isr_vector    0x08000000       0xec build/startup_stm32f103.o
                0x08000000                g_pfnVectorTable
                0x080000ec                        . = ALIGN (0x4)

.text           0x080000ec     0x14f4
                0x080000ec                        . = ALIGN (0x4)
 *(.text)
 .text          0x080000ec       0xa0 /usr/lib/gcc/arm-none-eabi/13.2.1/../../../arm-none-eabi/lib/thumb/v7-m/nofp/libc_nano.a(libc_a-memset.o)
                0x080000ec                memset
 .text          0x0800018c       0xec /usr/lib/gcc/arm-none-eabi/13.2.1/../../../arm-none-eabi/lib/thumb/v7-m/nofp/libc_nano.a(libc_a-memcpy.o)
                0x0800018c                memcpy
 *(.text*)
 .text.task2_low
                0x08000278       0x48 build/main.o
 .text.task1_high
                0x080002c0       0x4c build/main.o
 .text.task3_med
                0x0800030c       0x34 build/main.o
 .text.vApplicationTickHook
                0x08000340       0x10 build/main.o
                0x08000340                vApplicationTickHook
 .text.startup.main
                0x08000350       0xd0 build/main.o
                0x08000350                main
 .text.vApplicationStackOverflowHook
                0x08000420        0x2 build/main.o
                0x08000420                vApplicationStackOverflowHook
 *fill*         0x08000422        0x2 
 .text.prvAddCurrentTaskToDelayedList
                0x08000424       0xac build/tasks.o
 .text.prvResetNextTaskUnblockTime
                0x080004d0       0x24 build/tasks.o
 .text.prvCheckTasksWaitingTermination
                0x080004f4       0x48 build/tasks.o
 .text.prvIdleTask
                0x0800053c       0x28 build/tasks.o
 .text.xTaskCreate
                0x08000564      0x1c0 build/tasks.o
                0x08000564                xTaskCreate
 .text.vTaskStartScheduler
                0x08000724       0x7c build/tasks.o
                0x08000724                vTaskStartScheduler
 .text.vTaskSuspendAll
                0x080007a0       0x10 build/tasks.o
                0x080007a0                vTaskSuspendAll
 .text.xTaskIncrementTick
                0x080007b0      0x188 build/tasks.o
                0x080007b0                xTaskIncrementTick
 .text.xTaskResumeAll
                0x08000938      0x14c build/tasks.o
                0x08000938                xTaskResumeAll
 .text.vTaskDelay
                0x08000a84       0x2e build/tasks.o
                0x08000a84                vTaskDelay
 *fill*         0x08000ab2        0x2 
 .text.vTaskSwitchContext
                0x08000ab4       0x9c build/tasks.o
                0x08000ab4                vTaskSwitchContext
 .text.vTaskPlaceOnEventList
                0x08000b50       0x20 build/tasks.o
                0x08000b50                vTaskPlaceOnEventList
 .text.xTaskRemoveFromEventList
                0x08000b70       0xb8 build/tasks.o
                0x08000b70                xTaskRemoveFromEventList
 .text.vTaskInternalSetTimeOutState
                0x08000c28       0x18 build/tasks.o
                0x08000c28                vTaskInternalSetTimeOutState
 .text.xTaskCheckForTimeOut
                0x08000c40       0x50 build/tasks.o
                0x08000c40                xTaskCheckForTimeOut
 .text.vTaskMissedYield
                0x08000c90        0xc build/tasks.o
                0x08000c90                vTaskMissedYield
 .text.xTaskPriorityInherit
                0x08000c9c       0xa0 build/tasks.o
                0x08000c9c                xTaskPriorityInherit
 .text.xTaskPriorityDisinherit
                0x08000d3c       0x74 build/tasks.o
                0x08000d3c                xTaskPriorityDisinherit
 .text.vTaskPriorityDisinheritAfterTimeout
                0x08000db0       0x84 build/tasks.o
                0x08000db0                vTaskPriorityDisinheritAfterTimeout
 .text.pvTaskIncrementMutexHeldCount
                0x08000e34       0x14 build/tasks.o
                0x08000e34                pvTaskIncrementMutexHeldCount
 .text.vListInitialise
                0x08000e48       0x16 build/list.o
                0x08000e48                vListInitialise
 .text.vListInitialiseItem
                0x08000e5e        0x6 build/list.o
                0x08000e5e                vListInitialiseItem
 .text.vListInsert
                0x08000e64       0x2e build/list.o
                0x08000e64                vListInsert
 .text.uxListRemove
                0x08000e92       0x1e build/list.o
                0x08000e92                uxListRemove
 .text.prvIsQueueEmpty
                0x08000eb0       0x16 build/queue.o
 .text.prvCopyDataToQueue
                0x08000ec6       0x66 build/queue.o
 .text.prvUnlockQueue
                0x08000f2c       0x6c build/queue.o
 .text.xQueueGenericReset
                0x08000f98       0x7a build/queue.o
                0x08000f98                xQueueGenericReset
 .text.xQueueGenericCreate
                0x08001012       0x44 build/queue.o
                0x08001012                xQueueGenericCreate
 .text.xQueueGenericSend
                0x08001056       0xfa build/queue.o
                0x08001056                xQueueGenericSend
 .text.xQueueSemaphoreTake
                0x08001150      0x11c build/queue.o
                0x08001150                xQueueSemaphoreTake
 .text.prvTaskExitError
                0x0800126c       0x20 build/port.o
 .text.prvPortStartFirstTask
                0x0800128c       0x20 build/port.o
 .text.pxPortInitialiseStack
                0x080012ac       0x24 build/port.o
                0x080012ac                pxPortInitialiseStack
 .text.SVC_Handler
                0x080012d0       0x24 build/port.o
                0x080012d0                SVC_Handler
 .text.vPortEnterCritical
                0x080012f4       0x20 build/port.o
                0x080012f4                vPortEnterCritical
 .text.vPortExitCritical
                0x08001314       0x14 build/port.o
                0x08001314                vPortExitCritical
 .text.PendSV_Handler
                0x08001328       0x44 build/port.o
                0x08001328                PendSV_Handler
 .text.SysTick_Handler
                0x0800136c       0x2c build/port.o
                0x0800136c                SysTick_Handler
 .text.vPortSetupTimerInterrupt
                0x08001398       0x16 build/port.o
                0x08001398                vPortSetupTimerInterrupt
 *fill*         0x080013ae        0x2 
 .text.xPortStartScheduler
                0x080013b0       0x40 build/port.o
                0x080013b0                xPortStartScheduler
 .text.pvPortMalloc
                0x080013f0       0xf8 build/heap_4.o
                0x080013f0                pvPortMalloc
 .text.vPortFree
                0x080014e8       0x94 build/heap_4.o
                0x080014e8                vPortFree
 .text.Reset_Handler
                0x0800157c       0x40 build/startup_stm32f103.o
                0x0800157c                Reset_Handler
 .text.Default_Handler
                0x080015bc        0x2 build/startup_stm32f103.o
                0x080015bc                EXTI2_IRQHandler
                0x080015bc                DebugMon_Handler
                0x080015bc                TIM1_CC_IRQHandler
                0x080015bc                HardFault_Handler
                0x080015bc                PVD_IRQHandler
                0x080015bc                NMI_Handler
                0x080015bc                EXTI3_IRQHandler
                0x080015bc                EXTI0_IRQHandler
                0x080015bc                I2C2_EV_IRQHandler
                0x080015bc                UsageFault_Handler
                0x080015bc                ADC1_2_IRQHandler
                0x080015bc                SPI1_IRQHandler
                0x080015bc                TAMPER_IRQHandler
                0x080015bc                DMA1_Channel4_IRQHandler
                0x080015bc                USART3_IRQHandler
                0x080015bc                RTC_IRQHandler
                0x080015bc                DMA1_Channel7_IRQHandler
                0x080015bc                CAN1_RX1_IRQHandler
                0x080015bc                TIM4_IRQHandler
                0x080015bc                I2C1_EV_IRQHandler
                0x080015bc                DMA1_Channel6_IRQHandler
                0x080015bc                TIM3_IRQHandler
                0x080015bc                RCC_IRQHandler
                0x080015bc                TIM1_TRG_COM_IRQHandler
                0x080015bc                DMA1_Channel1_IRQHandler
                0x080015bc                EXTI15_10_IRQHandler
                0x080015bc                EXTI9_5_IRQHandler
                0x080015bc                SPI2_IRQHandler
                0x080015bc                MemManage_Handler
                0x080015bc                DMA1_Channel5_IRQHandler
                0x080015bc                EXTI4_IRQHandler
                0x080015bc                USB_LP_CAN1_RX0_IRQHandler
                0x080015bc                USB_HP_CAN1_TX_IRQHandler
                0x080015bc                DMA1_Channel3_IRQHandler
                0x080015bc                TIM1_UP_IRQHandler
                0x080015bc                WWDG_IRQHandler
                0x080015bc                TIM2_IRQHandler
                0x080015bc                TIM1_BRK_IRQHandler
                0x080015bc                EXTI1_IRQHandler
                0x080015bc                RTCAlarm_IRQHandler
                0x080015bc                USART2_IRQHandler
                0x080015bc                I2C2_ER_IRQHandler
                0x080015bc                DMA1_Channel2_IRQHandler
                0x080015bc                CAN1_SCE_IRQHandler
                0x080015bc                FLASH_IRQHandler
                0x080015bc                BusFault_Handler
                0x080015bc                USART1_IRQHandler
                0x080015bc                I2C1_ER_IRQHandler
                0x080015bc                USBWakeUp_IRQHandler
 *(.rodata)
 *(.rodata*)
 .rodata.main.str1.1
                0x080015be       0x1b build/main.o
                                 0x16 (size before relaxing)
 .rodata.vTaskStartScheduler.str1.1
                0x080015d9        0x5 build/tasks.o
 *fill*         0x080015d9        0x3 
 .rodata.uxTopUsedPriority
                0x080015dc        0x4 build/tasks.o
                0x080015e0                        . = ALIGN (0x4)

.glue_7         0x080015e0        0x0
 .glue_7        0x080015e0        0x0 linker stubs

.glue_7t        0x080015e0        0x0
 .glue_7t       0x080015e0        0x0 linker stubs

.vfp11_veneer   0x080015e0        0x0
 .vfp11_veneer  0x080015e0        0x0 linker stubs

.v4_bx          0x080015e0        0x0
 .v4_bx         0x080015e0        0x0 linker stubs

.iplt           0x080015e0        0x0
 .iplt          0x080015e0        0x0 build/main.o

.rel.dyn        0x080015e0        0x0
 .rel.iplt      0x080015e0        0x0 build/main.o

.ARM.exidx      0x080015e0        0x8
 .ARM.exidx     0x080015e0        0x8 /usr/lib/gcc/arm-none-eabi/13.2.1/../../../arm-none-eabi/lib/thumb/v7-m/nofp/libc_nano.a(libc_a-memcpy.o)

.data           0x20000000        0x4 load address 0x080015e8
                0x20000000                        . = ALIGN (0x4)
                0x20000000                        _sdata = .
 *(.data)
 *(.data*)
 .data.uxCriticalNesting
                0x20000000        0x4 build/port.o
                0x20000004                        . = ALIGN (0x4)
                0x20000004                        _edata = .
                0x080015e8                        _sidata = LOADADDR (.data)

.igot.plt       0x20000004        0x0 load address 0x080015ec
 .igot.plt      0x20000004        0x0 build/main.o

.bss            0x20000004     0x1528 load address 0x080015ec
                0x20000004                        . = ALIGN (0x4)
                0x20000004                        _sbss = .
 *(.bss)
 *(.bss*)
 .bss.g_ticks   0x20000004        0x4 build/main.o
 .bss.xGpioABinarySem
                0x20000008        0x4 build/main.o
 .bss.uxSchedulerSuspended
                0x2000000c        0x4 build/tasks.o
 .bss.xIdleTaskHandles
                0x20000010        0x4 build/tasks.o
 .bss.xNextTaskUnblockTime
                0x20000014        0x4 build/tasks.o
 .bss.uxTaskNumber
                0x20000018        0x4 build/tasks.o
 .bss.xNumOfOverflows
                0x2000001c        0x4 build/tasks.o
 .bss.xYieldPendings
                0x20000020        0x4 build/tasks.o
 .bss.xPendedTicks
                0x20000024        0x4 build/tasks.o
 .bss.xSchedulerRunning
                0x20000028        0x4 build/tasks.o
 .bss.uxTopReadyPriority
                0x2000002c        0x4 build/tasks.o
 .bss.xTickCount
                0x20000030        0x4 build/tasks.o
 .bss.uxCurrentNumberOfTasks
                0x20000034        0x4 build/tasks.o
 .bss.xSuspendedTaskList
                0x20000038       0x14 build/tasks.o
 .bss.uxDeletedTasksWaitingCleanUp
                0x2000004c        0x4 build/tasks.o
 .bss.xTasksWaitingTermination
                0x20000050       0x14 build/tasks.o
 .bss.xPendingReadyList
                0x20000064       0x14 build/tasks.o
 .bss.pxOverflowDelayedTaskList
                0x20000078        0x4 build/tasks.o
 .bss.pxDelayedTaskList
                0x2000007c        0x4 build/tasks.o
 .bss.xDelayedTaskList2
                0x20000080       0x14 build/tasks.o
 .bss.xDelayedTaskList1
                0x20000094       0x14 build/tasks.o
 .bss.pxReadyTasksLists
                0x200000a8       0x64 build/tasks.o
 .bss.pxCurrentTCB
                0x2000010c        0x4 build/tasks.o
                0x2000010c                pxCurrentTCB
 .bss.xNumberOfSuccessfulFrees
                0x20000110        0x4 build/heap_4.o
 .bss.xNumberOfSuccessfulAllocations
                0x20000114        0x4 build/heap_4.o
 .bss.xMinimumEverFreeBytesRemaining
                0x20000118        0x4 build/heap_4.o
 .bss.xFreeBytesRemaining
                0x2000011c        0x4 build/heap_4.o
 .bss.pxEnd     0x20000120        0x4 build/heap_4.o
 .bss.xStart    0x20000124        0x8 build/heap_4.o
 .bss.ucHeap    0x2000012c     0x1400 build/heap_4.o
 *(COMMON)
                0x2000152c                        . = ALIGN (0x4)
                0x2000152c                        _ebss = .
OUTPUT(build/priority-inversion.elf elf32-littlearm)
LOAD linker stubs

.debug_info     0x00000000     0x5961
 .debug_info    0x00000000      0x74a build/main.o
 .debug_info    0x0000074a     0x2a2d build/tasks.o
 .debug_info    0x00003177      0x2b2 build/list.o
 .debug_info    0x00003429     0x1a64 build/queue.o
 .debug_info    0x00004e8d      0x35e build/port.o
 .debug_info    0x000051eb      0x5eb build/heap_4.o
 .debug_info    0x000057d6       0x23 build/startup_stm32f103.o
 .debug_info    0x000057f9      0x135 /usr/lib/gcc/arm-none-eabi/13.2.1/../../../arm-none-eabi/lib/thumb/v7-m/nofp/libc_nano.a(libc_a-memset.o)
 .debug_info    0x0000592e       0x33 /usr/lib/gcc/arm-none-eabi/13.2.1/../../../arm-none-eabi/lib/thumb/v7-m/nofp/libc_nano.a(libc_a-memcpy.o)

.debug_abbrev   0x00000000     0x1293
 .debug_abbrev  0x00000000      0x28b build/main.o
 .debug_abbrev  0x0000028b      0x507 build/tasks.o
 .debug_abbrev  0x00000792      0x105 build/list.o
 .debug_abbrev  0x00000897      0x3c5 build/queue.o
 .debug_abbrev  0x00000c5c      0x261 build/port.o
 .debug_abbrev  0x00000ebd      0x2e5 build/heap_4.o
 .debug_abbrev  0x000011a2       0x12 build/startup_stm32f103.o
 .debug_abbrev  0x000011b4       0xb7 /usr/lib/gcc/arm-none-eabi/13.2.1/../../../arm-none-eabi/lib/thumb/v7-m/nofp/libc_nano.a(libc_a-memset.o)
 .debug_abbrev  0x0000126b       0x28 /usr/lib/gcc/arm-none-eabi/13.2.1/../../../arm-none-eabi/lib/thumb/v7-m/nofp/libc_nano.a(libc_a-memcpy.o)

.debug_loclists
                0x00000000     0x2ab6
 .debug_loclists
                0x00000000      0x139 build/main.o
 .debug_loclists
                0x00000139     0x1731 build/tasks.o
 .debug_loclists
                0x0000186a       0x77 build/list.o
 .debug_loclists
                0x000018e1      0xc3d build/queue.o
 .debug_loclists
                0x0000251e       0x82 build/port.o
 .debug_loclists
                0x000025a0      0x33f build/heap_4.o
 .debug_loclists
                0x000028df      0x1d7 /usr/lib/gcc/arm-none-eabi/13.2.1/../../../arm-none-eabi/lib/thumb/v7-m/nofp/libc_nano.a(libc_a-memset.o)

.debug_aranges  0x00000000      0x438
 .debug_aranges
                0x00000000       0x48 build/main.o
 .debug_aranges
                0x00000048      0x1a8 build/tasks.o
 .debug_aranges
                0x000001f0       0x40 build/list.o
 .debug_aranges
                0x00000230       0xd0 build/queue.o
 .debug_aranges
                0x00000300       0x70 build/port.o
 .debug_aranges
                0x00000370       0x60 build/heap_4.o
 .debug_aranges
                0x000003d0       0x28 build/startup_stm32f103.o
 .debug_aranges
                0x000003f8       0x20 /usr/lib/gcc/arm-none-eabi/13.2.1/../../../arm-none-eabi/lib/thumb/v7-m/nofp/libc_nano.a(libc_a-memset.o)
 .debug_aranges
                0x00000418       0x20 /usr/lib/gcc/arm-none-eabi/13.2.1/../../../arm-none-eabi/lib/thumb/v7-m/nofp/libc_nano.a(libc_a-memcpy.o)

.debug_rnglists
                0x00000000      0x57f
 .debug_rnglists
                0x00000000       0x59 build/main.o
 .debug_rnglists
                0x00000059      0x2c8 build/tasks.o
 .debug_rnglists
                0x00000321       0x2b build/list.o
 .debug_rnglists
                0x0000034c      0x16d build/queue.o
 .debug_rnglists
                0x000004b9       0x5b build/port.o
 .debug_rnglists
                0x00000514       0x52 build/heap_4.o
 .debug_rnglists
                0x00000566       0x19 build/startup_stm32f103.o

.debug_macro    0x00000000     0x3e25
 .debug_macro   0x00000000       0xd3 build/main.o
 .debug_macro   0x000000d3      0xac0 build/main.o
 .debug_macro   0x00000b93      0x34e build/main.o
 .debug_macro   0x00000ee1       0xd0 build/main.o
 .debug_macro   0x00000fb1      0x190 build/main.o
 .debug_macro   0x00001141       0x16 build/main.o
 .debug_macro   0x00001157       0xbe build/main.o
 .debug_macro   0x00001215       0x3a build/main.o
 .debug_macro   0x0000124f      0x182 build/main.o
 .debug_macro   0x000013d1       0xe7 build/main.o
 .debug_macro   0x000014b8       0x3a build/main.o
 .debug_macro   0x000014f2       0x1f build/main.o
 .debug_macro   0x00001511       0x12 build/main.o
 .debug_macro   0x00001523     0x113d build/main.o
 .debug_macro   0x00002660       0xc3 build/main.o
 .debug_macro   0x00002723      0x161 build/main.o
 .debug_macro   0x00002884       0x80 build/main.o
 .debug_macro   0x00002904       0x62 build/main.o
 .debug_macro   0x00002966      0x297 build/tasks.o
 .debug_macro   0x00002bfd       0x24 build/tasks.o
 .debug_macro   0x00002c21       0x22 build/tasks.o
 .debug_macro   0x00002c43       0x60 build/tasks.o
 .debug_macro   0x00002ca3       0x94 build/tasks.o
 .debug_macro   0x00002d37       0x3c build/tasks.o
 .debug_macro   0x00002d73       0x34 build/tasks.o
 .debug_macro   0x00002da7       0x16 build/tasks.o
 .debug_macro   0x00002dbd      0x11c build/tasks.o
 .debug_macro   0x00002ed9       0x9b build/tasks.o
 .debug_macro   0x00002f74       0x57 build/tasks.o
 .debug_macro   0x00002fcb      0x370 build/tasks.o
 .debug_macro   0x0000333b       0x16 build/tasks.o
 .debug_macro   0x00003351       0x4a build/tasks.o
 .debug_macro   0x0000339b       0x34 build/tasks.o
 .debug_macro   0x000033cf       0x10 build/tasks.o
 .debug_macro   0x000033df       0x52 build/tasks.o
 .debug_macro   0x00003431      0x1de build/tasks.o
 .debug_macro   0x0000360f       0x16 build/tasks.o
 .debug_macro   0x00003625       0x29 build/tasks.o
 .debug_macro   0x0000364e       0x16 build/tasks.o
 .debug_macro   0x00003664       0x3c build/tasks.o
 .debug_macro   0x000036a0       0x98 build/tasks.o
 .debug_macro   0x00003738       0x16 build/tasks.o
 .debug_macro   0x0000374e      0x171 build/list.o
 .debug_macro   0x000038bf      0x203 build/queue.o
 .debug_macro   0x00003ac2      0x162 build/port.o
 .debug_macro   0x00003c24      0x201 build/heap_4.o

.debug_line     0x00000000     0x4b72
 .debug_line    0x00000000      0x3f2 build/main.o
 .debug_line    0x000003f2     0x2270 build/tasks.o
 .debug_line    0x00002662      0x481 build/list.o
 .debug_line    0x00002ae3     0x120d build/queue.o
 .debug_line    0x00003cf0      0x3dc build/port.o
 .debug_line    0x000040cc      0x7c5 build/heap_4.o
 .debug_line    0x00004891       0x73 build/startup_stm32f103.o
 .debug_line    0x00004904      0x1b1 /usr/lib/gcc/arm-none-eabi/13.2.1/../../../arm-none-eabi/lib/thumb/v7-m/nofp/libc_nano.a(libc_a-memset.o)
 .debug_line    0x00004ab5       0xbd /usr/lib/gcc/arm-none-eabi/13.2.1/../../../arm-none-eabi/lib/thumb/v7-m/nofp/libc_nano.a(libc_a-memcpy.o)

.debug_str      0x00000000    0x16359
 .debug_str     0x00000000    0x16359 build/main.o
                               0xfb0a (size before relaxing)
 .debug_str     0x00016359    0x13a99 build/tasks.o
 .debug_str     0x00016359    0x1025e build/list.o
 .debug_str     0x00016359    0x129b2 build/queue.o
 .debug_str     0x00016359     0xf000 build/port.o
 .debug_str     0x00016359    0x11dfc build/heap_4.o
 .debug_str     0x00016359       0x88 build/startup_stm32f103.o
 .debug_str     0x00016359      0x1a5 /usr/lib/gcc/arm-none-eabi/13.2.1/../../../arm-none-eabi/lib/thumb/v7-m/nofp/libc_nano.a(libc_a-memset.o)
 .debug_str     0x00016359       0xa8 /usr/lib/gcc/arm-none-eabi/13.2.1/../../../arm-none-eabi/lib/thumb/v7-m/nofp/libc_nano.a(libc_a-memcpy.o)

.comment        0x00000000       0x26
 .comment       0x00000000       0x26 build/main.o
                                 0x27 (size before relaxing)
 .comment       0x00000026       0x27 build/tasks.o
 .comment       0x00000026       0x27 build/list.o
 .comment       0x00000026       0x27 build/queue.o
 .comment       0x00000026       0x27 build/port.o
 .comment       0x00000026       0x27 build/heap_4.o
 .comment       0x00000026       0x27 /usr/lib/gcc/arm-none-eabi/13.2.1/../../../arm-none-eabi/lib/thumb/v7-m/nofp/libc_nano.a(libc_a-memset.o)

.ARM.attributes
                0x00000000       0x2b
 .ARM.attributes
                0x00000000       0x2d build/main.o
 .ARM.attributes
                0x0000002d       0x2d build/tasks.o
 .ARM.attributes
                0x0000005a       0x2d build/list.o
 .ARM.attributes
                0x00000087       0x2d build/queue.o
 .ARM.attributes
                0x000000b4       0x2d build/port.o
 .ARM.attributes
                0x000000e1       0x2d build/heap_4.o
 .ARM.attributes
                0x0000010e       0x21 build/startup_stm32f103.o
 .ARM.attributes
                0x0000012f       0x2d /usr/lib/gcc/arm-none-eabi/13.2.1/../../../arm-none-eabi/lib/thumb/v7-m/nofp/libc_nano.a(libc_a-memset.o)
 .ARM.attributes
                0x0000015c       0x1b /usr/lib/gcc/arm-none-eabi/13.2.1/../../../arm-none-eabi/lib/thumb/v7-m/nofp/libc_nano.a(libc_a-memcpy.o)

.debug_frame    0x00000000      0xad8
 .debug_frame   0x00000000       0x94 build/main.o
 .debug_frame   0x00000094      0x55c build/tasks.o
 .debug_frame   0x000005f0       0x6c build/list.o
 .debug_frame   0x0000065c      0x288 build/queue.o
 .debug_frame   0x000008e4       0xd8 build/port.o
 .debug_frame   0x000009bc       0xf0 build/heap_4.o
 .debug_frame   0x00000aac       0x2c /usr/lib/gcc/arm-none-eabi/13.2.1/../../../arm-none-eabi/lib/thumb/v7-m/nofp/libc_nano.a(libc_a-memset.o)

.debug_line_str
                0x00000000      0x111
 .debug_line_str
                0x00000000      0x111 build/startup_stm32f103.o
                                 0x7c (size before relaxing)
 .debug_line_str
                0x00000111       0x95 /usr/lib/gcc/arm-none-eabi/13.2.1/../../../arm-none-eabi/lib/thumb/v7-m/nofp/libc_nano.a(libc_a-memcpy.o)
