Archive member included to satisfy reference by file (symbol)

/usr/lib/gcc/arm-none-eabi/13.2.1/../../../arm-none-eabi/lib/thumb/v7-m/nofp/libc_nano.a(libc_a-memset.o)
                              build/tasks.o (memset)
/usr/lib/gcc/arm-none-eabi/13.2.1/../../../arm-none-eabi/lib/thumb/v7-m/nofp/libc_nano.a(libc_a-memcpy.o)
                              build/queue.o (memcpy)

Discarded input sections

 .group         0x00000000        0xc build/main.o
 .group         0x00000000        0xc build/main.o
 .group         0x00000000        0xc build/main.o
 .group         0x00000000        0xc build/main.o
 .group         0x00000000        0xc build/main.o
 .group         0x00000000        0xc build/main.o
 .group         0x00000000        0xc build/main.o
 .group         0x00000000        0xc build/main.o
 .group         0x00000000        0xc build/main.o
 .group         0x00000000        0xc build/main.o
 .group         0x00000000        0xc build/main.o
 .group         0x00000000        0xc build/main.o
 .group         0x00000000        0xc build/main.o
 .group         0x00000000        0xc build/main.o
 .group         0x00000000        0xc build/main.o
 .text          0x00000000        0x0 build/main.o
 .data          0x00000000        0x0 build/main.o
 .bss           0x00000000        0x0 build/main.o
 .group         0x00000000        0xc build/tasks.o
 .group         0x00000000        0xc build/tasks.o
 .group         0x00000000        0xc build/tasks.o
 .group         0x00000000        0xc build/tasks.o
 .group         0x00000000        0xc build/tasks.o
 .group         0x00000000        0xc build/tasks.o
 .group         0x00000000        0xc build/tasks.o
 .group         0x00000000        0xc build/tasks.o
 .group         0x00000000        0xc build/tasks.o
 .group         0x00000000        0xc build/tasks.o
 .group         0x00000000        0xc build/tasks.o
 .group         0x00000000        0xc build/tasks.o
 .group         0x00000000        0xc build/tasks.o
 .group         0x00000000        0xc build/tasks.o
 .group         0x00000000        0xc build/tasks.o
 .group         0x00000000        0xc build/tasks.o
 .group         0x00000000        0xc build/tasks.o
 .group         0x00000000        0xc build/tasks.o
 .group         0x00000000        0xc build/tasks.o
 .group         0x00000000        0xc build/tasks.o
 .group         0x00000000        0xc build/tasks.o
 .group         0x00000000        0xc build/tasks.o
 .group         0x00000000        0xc build/tasks.o
 .group         0x00000000        0xc build/tasks.o
 .group         0x00000000        0xc build/tasks.o
 .group         0x00000000        0xc build/tasks.o
 .group         0x00000000        0xc build/tasks.o
 .group         0x00000000        0xc build/tasks.o
 .group         0x00000000        0xc build/tasks.o
 .group         0x00000000        0xc build/tasks.o
 .group         0x00000000        0xc build/tasks.o
 .group         0x00000000        0xc build/tasks.o
 .group         0x00000000        0xc build/tasks.o
 .group         0x00000000        0xc build/tasks.o
 .group         0x00000000        0xc build/tasks.o
 .group         0x00000000        0xc build/tasks.o
 .text          0x00000000        0x0 build/tasks.o
 .data          0x00000000        0x0 build/tasks.o
 .bss           0x00000000        0x0 build/tasks.o
 .text.prvAddCurrentTaskToDelayedList
                0x00000000       0xac build/tasks.o
 .text.prvTaskIsTaskSuspended
                0x00000000       0x2c build/tasks.o
 .text.vTaskDelete
                0x00000000       0xc4 build/tasks.o
 .text.vTaskResume
                0x00000000       0x88 build/tasks.o
 .text.xTaskResumeFromISR
                0x00000000       0xa0 build/tasks.o
 .text.vTaskEndScheduler
                0x00000000       0x34 build/tasks.o
 .text.xTaskGetTickCount
                0x00000000        0xc build/tasks.o
 .text.xTaskGetTickCountFromISR
                0x00000000        0xc build/tasks.o
 .text.uxTaskGetNumberOfTasks
                0x00000000        0xc build/tasks.o
 .text.pcTaskGetName
                0x00000000       0x10 build/tasks.o
 .text.vTaskDelay
                0x00000000       0x2e build/tasks.o
 .text.xTaskCatchUpTicks
                0x00000000       0x24 build/tasks.o
 .text.vTaskSuspend
                0x00000000       0xbc build/tasks.o
 .text.vTaskPlaceOnEventList
                0x00000000       0x20 build/tasks.o
 .text.vTaskPlaceOnUnorderedEventList
                0x00000000       0x40 build/tasks.o
 .text.xTaskRemoveFromEventList
                0x00000000       0xb8 build/tasks.o
 .text.vTaskRemoveFromUnorderedEventList
                0x00000000       0x94 build/tasks.o
 .text.vTaskSetTimeOutState
                0x00000000       0x24 build/tasks.o
 .text.vTaskInternalSetTimeOutState
                0x00000000       0x18 build/tasks.o
 .text.xTaskCheckForTimeOut
                0x00000000       0x50 build/tasks.o
 .text.vTaskMissedYield
                0x00000000        0xc build/tasks.o
 .text.xTaskGetCurrentTaskHandle
                0x00000000        0xc build/tasks.o
 .text.xTaskGetCurrentTaskHandleForCore
                0x00000000       0x10 build/tasks.o
 .text.xTaskPriorityInherit
                0x00000000       0xa0 build/tasks.o
 .text.xTaskPriorityDisinherit
                0x00000000       0x74 build/tasks.o
 .text.vTaskPriorityDisinheritAfterTimeout
                0x00000000       0x84 build/tasks.o
 .text.uxTaskResetEventItemValue
                0x00000000       0x18 build/tasks.o
 .text.pvTaskIncrementMutexHeldCount
                0x00000000       0x14 build/tasks.o
 .text.ulTaskGenericNotifyTake
                0x00000000       0xa4 build/tasks.o
 .text.xTaskGenericNotifyWait
                0x00000000       0xcc build/tasks.o
 .text.xTaskGenericNotify
                0x00000000       0xe8 build/tasks.o
 .text.xTaskGenericNotifyFromISR
                0x00000000      0x118 build/tasks.o
 .text.vTaskGenericNotifyGiveFromISR
                0x00000000       0xd8 build/tasks.o
 .text.xTaskGenericNotifyStateClear
                0x00000000       0x30 build/tasks.o
 .text.ulTaskGenericNotifyValueClear
                0x00000000       0x2c build/tasks.o
 .text.vTaskResetState
                0x00000000       0x64 build/tasks.o
 .debug_macro   0x00000000      0xac0 build/tasks.o
 .debug_macro   0x00000000      0x34e build/tasks.o
 .debug_macro   0x00000000       0x16 build/tasks.o
 .debug_macro   0x00000000       0xa6 build/tasks.o
 .debug_macro   0x00000000       0x3a build/tasks.o
 .debug_macro   0x00000000      0x182 build/tasks.o
 .debug_macro   0x00000000       0xe7 build/tasks.o
 .debug_macro   0x00000000       0x3a build/tasks.o
 .debug_macro   0x00000000       0x1f build/tasks.o
 .debug_macro   0x00000000       0x12 build/tasks.o
 .debug_macro   0x00000000     0x1159 build/tasks.o
 .debug_macro   0x00000000       0xc3 build/tasks.o
 .debug_macro   0x00000000      0x161 build/tasks.o
 .group         0x00000000        0xc build/list.o
 .group         0x00000000        0xc build/list.o
 .group         0x00000000        0xc build/list.o
 .group         0x00000000        0xc build/list.o
 .group         0x00000000        0xc build/list.o
 .group         0x00000000        0xc build/list.o
 .group         0x00000000        0xc build/list.o
 .group         0x00000000        0xc build/list.o
 .group         0x00000000        0xc build/list.o
 .group         0x00000000        0xc build/list.o
 .group         0x00000000        0xc build/list.o
 .group         0x00000000        0xc build/list.o
 .group         0x00000000        0xc build/list.o
 .group         0x00000000        0xc build/list.o
 .group         0x00000000        0xc build/list.o
 .group         0x00000000        0xc build/list.o
 .group         0x00000000        0xc build/list.o
 .group         0x00000000        0xc build/list.o
 .group         0x00000000        0xc build/list.o
 .group         0x00000000        0xc build/list.o
 .group         0x00000000        0xc build/list.o
 .group         0x00000000        0xc build/list.o
 .group         0x00000000        0xc build/list.o
 .group         0x00000000        0xc build/list.o
 .group         0x00000000        0xc build/list.o
 .group         0x00000000        0xc build/list.o
 .group         0x00000000        0xc build/list.o
 .group         0x00000000        0xc build/list.o
 .group         0x00000000        0xc build/list.o
 .group         0x00000000        0xc build/list.o
 .group         0x00000000        0xc build/list.o
 .text          0x00000000        0x0 build/list.o
 .data          0x00000000        0x0 build/list.o
 .bss           0x00000000        0x0 build/list.o
 .text.vListInsertEnd
                0x00000000       0x16 build/list.o
 .text.vListInsert
                0x00000000       0x2e build/list.o
 .debug_macro   0x00000000      0xac0 build/list.o
 .debug_macro   0x00000000       0x24 build/list.o
 .debug_macro   0x00000000       0x22 build/list.o
 .debug_macro   0x00000000       0x60 build/list.o
 .debug_macro   0x00000000       0x94 build/list.o
 .debug_macro   0x00000000       0x3c build/list.o
 .debug_macro   0x00000000       0x34 build/list.o
 .debug_macro   0x00000000       0x16 build/list.o
 .debug_macro   0x00000000      0x11c build/list.o
 .debug_macro   0x00000000       0x9b build/list.o
 .debug_macro   0x00000000       0x57 build/list.o
 .debug_macro   0x00000000      0x370 build/list.o
 .debug_macro   0x00000000       0x16 build/list.o
 .debug_macro   0x00000000       0x4a build/list.o
 .debug_macro   0x00000000       0x34 build/list.o
 .debug_macro   0x00000000       0x10 build/list.o
 .debug_macro   0x00000000       0x52 build/list.o
 .debug_macro   0x00000000      0x1de build/list.o
 .debug_macro   0x00000000       0x16 build/list.o
 .debug_macro   0x00000000       0x29 build/list.o
 .debug_macro   0x00000000      0x34e build/list.o
 .debug_macro   0x00000000       0x16 build/list.o
 .debug_macro   0x00000000       0xa6 build/list.o
 .debug_macro   0x00000000       0x3a build/list.o
 .debug_macro   0x00000000      0x182 build/list.o
 .debug_macro   0x00000000       0xe7 build/list.o
 .debug_macro   0x00000000       0x3a build/list.o
 .debug_macro   0x00000000       0x1f build/list.o
 .debug_macro   0x00000000       0x12 build/list.o
 .debug_macro   0x00000000     0x1159 build/list.o
 .debug_macro   0x00000000       0xc3 build/list.o
 .group         0x00000000        0xc build/queue.o
 .group         0x00000000        0xc build/queue.o
 .group         0x00000000        0xc build/queue.o
 .group         0x00000000        0xc build/queue.o
 .group         0x00000000        0xc build/queue.o
 .group         0x00000000        0xc build/queue.o
 .group         0x00000000        0xc build/queue.o
 .group         0x00000000        0xc build/queue.o
 .group         0x00000000        0xc build/queue.o
 .group         0x00000000        0xc build/queue.o
 .group         0x00000000        0xc build/queue.o
 .group         0x00000000        0xc build/queue.o
 .group         0x00000000        0xc build/queue.o
 .group         0x00000000        0xc build/queue.o
 .group         0x00000000        0xc build/queue.o
 .group         0x00000000        0xc build/queue.o
 .group         0x00000000        0xc build/queue.o
 .group         0x00000000        0xc build/queue.o
 .group         0x00000000        0xc build/queue.o
 .group         0x00000000        0xc build/queue.o
 .group         0x00000000        0xc build/queue.o
 .group         0x00000000        0xc build/queue.o
 .group         0x00000000        0xc build/queue.o
 .group         0x00000000        0xc build/queue.o
 .group         0x00000000        0xc build/queue.o
 .group         0x00000000        0xc build/queue.o
 .group         0x00000000        0xc build/queue.o
 .group         0x00000000        0xc build/queue.o
 .group         0x00000000        0xc build/queue.o
 .group         0x00000000        0xc build/queue.o
 .group         0x00000000        0xc build/queue.o
 .group         0x00000000        0xc build/queue.o
 .group         0x00000000        0xc build/queue.o
 .group         0x00000000        0xc build/queue.o
 .group         0x00000000        0xc build/queue.o
 .text          0x00000000        0x0 build/queue.o
 .data          0x00000000        0x0 build/queue.o
 .bss           0x00000000        0x0 build/queue.o
 .text.prvIsQueueEmpty
                0x00000000       0x16 build/queue.o
 .text.prvCopyDataToQueue
                0x00000000       0x66 build/queue.o
 .text.prvCopyDataFromQueue
                0x00000000       0x28 build/queue.o
 .text.prvUnlockQueue
                0x00000000       0x6c build/queue.o
 .text.xQueueGenericReset
                0x00000000       0x7a build/queue.o
 .text.xQueueGenericCreate
                0x00000000       0x44 build/queue.o
 .text.xQueueGenericSend
                0x00000000       0xfa build/queue.o
 .text.xQueueCreateMutex
                0x00000000       0x24 build/queue.o
 .text.xQueueGenericSendFromISR
                0x00000000       0x6c build/queue.o
 .text.xQueueGiveFromISR
                0x00000000       0x60 build/queue.o
 .text.xQueueReceive
                0x00000000       0xee build/queue.o
 .text.xQueueSemaphoreTake
                0x00000000      0x11c build/queue.o
 .text.xQueuePeek
                0x00000000       0xec build/queue.o
 .text.xQueueReceiveFromISR
                0x00000000       0x6c build/queue.o
 .text.xQueuePeekFromISR
                0x00000000       0x30 build/queue.o
 .text.uxQueueMessagesWaiting
                0x00000000       0x12 build/queue.o
 .text.uxQueueSpacesAvailable
                0x00000000       0x16 build/queue.o
 .text.uxQueueMessagesWaitingFromISR
                0x00000000        0x4 build/queue.o
 .text.vQueueDelete
                0x00000000        0x4 build/queue.o
 .text.uxQueueGetQueueItemSize
                0x00000000        0x4 build/queue.o
 .text.uxQueueGetQueueLength
                0x00000000        0x4 build/queue.o
 .text.xQueueIsQueueEmptyFromISR
                0x00000000        0xa build/queue.o
 .text.xQueueIsQueueFullFromISR
                0x00000000        0xc build/queue.o
 .debug_info    0x00000000     0x1a64 build/queue.o
 .debug_abbrev  0x00000000      0x3c5 build/queue.o
 .debug_loclists
                0x00000000      0xc3d build/queue.o
 .debug_aranges
                0x00000000       0xd0 build/queue.o
 .debug_rnglists
                0x00000000      0x16d build/queue.o
 .debug_macro   0x00000000      0x203 build/queue.o
 .debug_macro   0x00000000      0xac0 build/queue.o
 .debug_macro   0x00000000       0x24 build/queue.o
 .debug_macro   0x00000000       0x22 build/queue.o
 .debug_macro   0x00000000       0x60 build/queue.o
 .debug_macro   0x00000000       0x94 build/queue.o
 .debug_macro   0x00000000       0x3c build/queue.o
 .debug_macro   0x00000000       0x34 build/queue.o
 .debug_macro   0x00000000       0x16 build/queue.o
 .debug_macro   0x00000000      0x11c build/queue.o
 .debug_macro   0x00000000       0x9b build/queue.o
 .debug_macro   0x00000000       0x57 build/queue.o
 .debug_macro   0x00000000      0x370 build/queue.o
 .debug_macro   0x00000000       0x16 build/queue.o
 .debug_macro   0x00000000       0x4a build/queue.o
 .debug_macro   0x00000000       0x34 build/queue.o
 .debug_macro   0x00000000       0x10 build/queue.o
 .debug_macro   0x00000000       0x52 build/queue.o
 .debug_macro   0x00000000      0x1de build/queue.o
 .debug_macro   0x00000000       0x16 build/queue.o
 .debug_macro   0x00000000       0x29 build/queue.o
 .debug_macro   0x00000000       0x16 build/queue.o
 .debug_macro   0x00000000       0x3c build/queue.o
 .debug_macro   0x00000000      0x34e build/queue.o
 .debug_macro   0x00000000       0x16 build/queue.o
 .debug_macro   0x00000000       0xa6 build/queue.o
 .debug_macro   0x00000000       0x3a build/queue.o
 .debug_macro   0x00000000      0x182 build/queue.o
 .debug_macro   0x00000000       0xe7 build/queue.o
 .debug_macro   0x00000000       0x3a build/queue.o
 .debug_macro   0x00000000       0x1f build/queue.o
 .debug_macro   0x00000000       0x12 build/queue.o
 .debug_macro   0x00000000     0x1159 build/queue.o
 .debug_macro   0x00000000       0xc3 build/queue.o
 .debug_macro   0x00000000      0x161 build/queue.o
 .debug_macro   0x00000000       0x80 build/queue.o
 .debug_line    0x00000000     0x11e6 build/queue.o
 .debug_str     0x00000000    0x129a0 build/queue.o
 .comment       0x00000000       0x27 build/queue.o
 .debug_frame   0x00000000      0x288 build/queue.o
 .ARM.attributes
                0x00000000       0x2d build/queue.o
 .group         0x00000000        0xc build/port.o
 .group         0x00000000        0xc build/port.o
 .group         0x00000000        0xc build/port.o
 .group         0x00000000        0xc build/port.o
 .group         0x00000000        0xc build/port.o
 .group         0x00000000        0xc build/port.o
 .group         0x00000000        0xc build/port.o
 .group         0x00000000        0xc build/port.o
 .group         0x00000000        0xc build/port.o
 .group         0x00000000        0xc build/port.o
 .group         0x00000000        0xc build/port.o
 .group         0x00000000        0xc build/port.o
 .group         0x00000000        0xc build/port.o
 .group         0x00000000        0xc build/port.o
 .text          0x00000000        0x0 build/port.o
 .data          0x00000000        0x0 build/port.o
 .bss           0x00000000        0x0 build/port.o
 .text.vPortEndScheduler
                0x00000000        0x2 build/port.o
 .debug_macro   0x00000000      0xac0 build/port.o
 .debug_macro   0x00000000      0x190 build/port.o
 .debug_macro   0x00000000      0x34e build/port.o
 .debug_macro   0x00000000       0x16 build/port.o
 .debug_macro   0x00000000       0xa6 build/port.o
 .debug_macro   0x00000000       0x3a build/port.o
 .debug_macro   0x00000000      0x182 build/port.o
 .debug_macro   0x00000000       0xe7 build/port.o
 .debug_macro   0x00000000       0x3a build/port.o
 .debug_macro   0x00000000       0x1f build/port.o
 .debug_macro   0x00000000       0x12 build/port.o
 .debug_macro   0x00000000     0x1159 build/port.o
 .debug_macro   0x00000000       0xc3 build/port.o
 .debug_macro   0x00000000      0x161 build/port.o
 .group         0x00000000        0xc build/heap_4.o
 .group         0x00000000        0xc build/heap_4.o
 .group         0x00000000        0xc build/heap_4.o
 .group         0x00000000        0xc build/heap_4.o
 .group         0x00000000        0xc build/heap_4.o
 .group         0x00000000        0xc build/heap_4.o
 .group         0x00000000        0xc build/heap_4.o
 .group         0x00000000        0xc build/heap_4.o
 .group         0x00000000        0xc build/heap_4.o
 .group         0x00000000        0xc build/heap_4.o
 .group         0x00000000        0xc build/heap_4.o
 .group         0x00000000        0xc build/heap_4.o
 .group         0x00000000        0xc build/heap_4.o
 .group         0x00000000        0xc build/heap_4.o
 .group         0x00000000        0xc build/heap_4.o
 .group         0x00000000        0xc build/heap_4.o
 .group         0x00000000        0xc build/heap_4.o
 .group         0x00000000        0xc build/heap_4.o
 .group         0x00000000        0xc build/heap_4.o
 .group         0x00000000        0xc build/heap_4.o
 .group         0x00000000        0xc build/heap_4.o
 .group         0x00000000        0xc build/heap_4.o
 .group         0x00000000        0xc build/heap_4.o
 .group         0x00000000        0xc build/heap_4.o
 .group         0x00000000        0xc build/heap_4.o
 .group         0x00000000        0xc build/heap_4.o
 .group         0x00000000        0xc build/heap_4.o
 .group         0x00000000        0xc build/heap_4.o
 .group         0x00000000        0xc build/heap_4.o
 .group         0x00000000        0xc build/heap_4.o
 .group         0x00000000        0xc build/heap_4.o
 .group         0x00000000        0xc build/heap_4.o
 .group         0x00000000        0xc build/heap_4.o
 .group         0x00000000        0xc build/heap_4.o
 .text          0x00000000        0x0 build/heap_4.o
 .data          0x00000000        0x0 build/heap_4.o
 .bss           0x00000000        0x0 build/heap_4.o
 .text.xPortGetFreeHeapSize
                0x00000000        0xc build/heap_4.o
 .text.xPortGetMinimumEverFreeHeapSize
                0x00000000        0xc build/heap_4.o
 .text.xPortResetHeapMinimumEverFreeHeapSize
                0x00000000       0x14 build/heap_4.o
 .text.vPortInitialiseBlocks
                0x00000000        0x2 build/heap_4.o
 .text.pvPortCalloc
                0x00000000       0x2a build/heap_4.o
 .text.vPortGetHeapStats
                0x00000000       0x84 build/heap_4.o
 .text.vPortHeapResetState
                0x00000000       0x2c build/heap_4.o
 .debug_macro   0x00000000      0xac0 build/heap_4.o
 .debug_macro   0x00000000       0x24 build/heap_4.o
 .debug_macro   0x00000000       0x22 build/heap_4.o
 .debug_macro   0x00000000       0x60 build/heap_4.o
 .debug_macro   0x00000000       0x94 build/heap_4.o
 .debug_macro   0x00000000       0x3c build/heap_4.o
 .debug_macro   0x00000000       0x34 build/heap_4.o
 .debug_macro   0x00000000       0x16 build/heap_4.o
 .debug_macro   0x00000000      0x11c build/heap_4.o
 .debug_macro   0x00000000       0x9b build/heap_4.o
 .debug_macro   0x00000000       0x57 build/heap_4.o
 .debug_macro   0x00000000      0x370 build/heap_4.o
 .debug_macro   0x00000000       0x16 build/heap_4.o
 .debug_macro   0x00000000       0x4a build/heap_4.o
 .debug_macro   0x00000000       0x34 build/heap_4.o
 .debug_macro   0x00000000       0x10 build/heap_4.o
 .debug_macro   0x00000000       0x52 build/heap_4.o
 .debug_macro   0x00000000      0x1de build/heap_4.o
 .debug_macro   0x00000000       0x16 build/heap_4.o
 .debug_macro   0x00000000       0x29 build/heap_4.o
 .debug_macro   0x00000000       0x16 build/heap_4.o
 .debug_macro   0x00000000       0x3c build/heap_4.o
 .debug_macro   0x00000000      0x34e build/heap_4.o
 .debug_macro   0x00000000       0x16 build/heap_4.o
 .debug_macro   0x00000000       0xa6 build/heap_4.o
 .debug_macro   0x00000000       0x3a build/heap_4.o
 .debug_macro   0x00000000      0x182 build/heap_4.o
 .debug_macro   0x00000000       0xe7 build/heap_4.o
 .debug_macro   0x00000000       0x3a build/heap_4.o
 .debug_macro   0x00000000       0x1f build/heap_4.o
 .debug_macro   0x00000000       0x12 build/heap_4.o
 .debug_macro   0x00000000     0x1159 build/heap_4.o
 .debug_macro   0x00000000       0xc3 build/heap_4.o
 .debug_macro   0x00000000      0x161 build/heap_4.o
 .text          0x00000000        0x0 build/startup_stm32f103.o
 .data          0x00000000        0x0 build/startup_stm32f103.o
 .bss           0x00000000        0x0 build/startup_stm32f103.o
 .data          0x00000000        0x0 /usr/lib/gcc/arm-none-eabi/13.2.1/../../../arm-none-eabi/lib/thumb/v7-m/nofp/libc_nano.a(libc_a-memset.o)
 .bss           0x00000000        0x0 /usr/lib/gcc/arm-none-eabi/13.2.1/../../../arm-none-eabi/lib/thumb/v7-m/nofp/libc_nano.a(libc_a-memset.o)
 .text          0x00000000       0xec /usr/lib/gcc/arm-none-eabi/13.2.1/../../../arm-none-eabi/lib/thumb/v7-m/nofp/libc_nano.a(libc_a-memcpy.o)
 .data          0x00000000        0x0 /usr/lib/gcc/arm-none-eabi/13.2.1/../../../arm-none-eabi/lib/thumb/v7-m/nofp/libc_nano.a(libc_a-memcpy.o)
 .bss           0x00000000        0x0 /usr/lib/gcc/arm-none-eabi/13.2.1/../../../arm-none-eabi/lib/thumb/v7-m/nofp/libc_nano.a(libc_a-memcpy.o)
 .ARM.extab     0x00000000        0x0 /usr/lib/gcc/arm-none-eabi/13.2.1/../../../arm-none-eabi/lib/thumb/v7-m/nofp/libc_nano.a(libc_a-memcpy.o)
 .ARM.exidx     0x00000000        0x8 /usr/lib/gcc/arm-none-eabi/13.2.1/../../../arm-none-eabi/lib/thumb/v7-m/nofp/libc_nano.a(libc_a-memcpy.o)
 .debug_line    0x00000000       0xbd /usr/lib/gcc/arm-none-eabi/13.2.1/../../../arm-none-eabi/lib/thumb/v7-m/nofp/libc_nano.a(libc_a-memcpy.o)
 .debug_line_str
                0x00000000       0x95 /usr/lib/gcc/arm-none-eabi/13.2.1/../../../arm-none-eabi/lib/thumb/v7-m/nofp/libc_nano.a(libc_a-memcpy.o)
 .debug_info    0x00000000       0x33 /usr/lib/gcc/arm-none-eabi/13.2.1/../../../arm-none-eabi/lib/thumb/v7-m/nofp/libc_nano.a(libc_a-memcpy.o)
 .debug_abbrev  0x00000000       0x28 /usr/lib/gcc/arm-none-eabi/13.2.1/../../../arm-none-eabi/lib/thumb/v7-m/nofp/libc_nano.a(libc_a-memcpy.o)
 .debug_aranges
                0x00000000       0x20 /usr/lib/gcc/arm-none-eabi/13.2.1/../../../arm-none-eabi/lib/thumb/v7-m/nofp/libc_nano.a(libc_a-memcpy.o)
 .debug_str     0x00000000       0xa8 /usr/lib/gcc/arm-none-eabi/13.2.1/../../../arm-none-eabi/lib/thumb/v7-m/nofp/libc_nano.a(libc_a-memcpy.o)
 .eh_frame      0x00000000       0x2c /usr/lib/gcc/arm-none-eabi/13.2.1/../../../arm-none-eabi/lib/thumb/v7-m/nofp/libc_nano.a(libc_a-memcpy.o)
 .ARM.attributes
                0x00000000       0x1b /usr/lib/gcc/arm-none-eabi/13.2.1/../../../arm-none-eabi/lib/thumb/v7-m/nofp/libc_nano.a(libc_a-memcpy.o)

Memory Configuration

Name             Origin             Length             Attributes
FLASH            0x08000000         0x00010000         xr
RAM              0x20000000         0x00005000         xrw
*default*        0x00000000         0xffffffff

Linker script and memory map

LOAD build/main.o
LOAD build/tasks.o
LOAD build/list.o
LOAD build/queue.o
LOAD build/port.o
LOAD build/heap_4.o
LOAD build/startup_stm32f103.o
START GROUP
LOAD /usr/lib/gcc/arm-none-eabi/13.2.1/thumb/v7-m/nofp/libgcc.a
LOAD /usr/lib/gcc/arm-none-eabi/13.2.1/../../../arm-none-eabi/lib/thumb/v7-m/nofp/libc_nano.a
END GROUP
START GROUP
LOAD /usr/lib/gcc/arm-none-eabi/13.2.1/thumb/v7-m/nofp/libgcc.a
LOAD /usr/lib/gcc/arm-none-eabi/13.2.1/../../../arm-none-eabi/lib/thumb/v7-m/nofp/libc_nano.a
LOAD /usr/lib/gcc/arm-none-eabi/13.2.1/../../../arm-none-eabi/lib/thumb/v7-m/nofp/libnosys.a
END GROUP
START GROUP
LOAD /usr/lib/gcc/arm-none-eabi/13.2.1/thumb/v7-m/nofp/libgcc.a
LOAD /usr/lib/gcc/arm-none-eabi/13.2.1/../../../arm-none-eabi/lib/thumb/v7-m/nofp/libc_nano.a
LOAD /usr/lib/gcc/arm-none-eabi/13.2.1/../../../arm-none-eabi/lib/thumb/v7-m/nofp/libnosys.a
END GROUP
                0x20005000                        _estack = (ORIGIN (RAM) + LENGTH (RAM))

.isr_vector     0x08000000       0xec
                0x08000000                        . = ALIGN (0x4)
 *(.isr_vector)
 .isr_vector    0x08000000       0xec build/startup_stm32f103.o
                0x08000000                g_pfnVectorTable
                0x080000ec                        . = ALIGN (0x4)

.text           0x080000ec      0xbac
                0x080000ec                        . = ALIGN (0x4)
 *(.text)
 .text          0x080000ec       0xa0 /usr/lib/gcc/arm-none-eabi/13.2.1/../../../arm-none-eabi/lib/thumb/v7-m/nofp/libc_nano.a(libc_a-memset.o)
                0x080000ec                memset
 *(.text*)
 .text.led_task
                0x0800018c       0x28 build/main.o
 .text.vApplicationTickHook
                0x080001b4       0x10 build/main.o
                0x080001b4                vApplicationTickHook
 .text.startup.main
                0x080001c4       0xb0 build/main.o
                0x080001c4                main
 .text.vApplicationStackOverflowHook
                0x08000274        0x2 build/main.o
                0x08000274                vApplicationStackOverflowHook
 *fill*         0x08000276        0x2 
 .text.prvResetNextTaskUnblockTime
                0x08000278       0x24 build/tasks.o
 .text.prvCheckTasksWaitingTermination
                0x0800029c       0x48 build/tasks.o
 .text.prvIdleTask
                0x080002e4       0x28 build/tasks.o
 .text.xTaskCreate
                0x0800030c      0x1c0 build/tasks.o
                0x0800030c                xTaskCreate
 .text.vTaskStartScheduler
                0x080004cc       0x7c build/tasks.o
                0x080004cc                vTaskStartScheduler
 .text.vTaskSuspendAll
                0x08000548       0x10 build/tasks.o
                0x08000548                vTaskSuspendAll
 .text.xTaskIncrementTick
                0x08000558      0x188 build/tasks.o
                0x08000558                xTaskIncrementTick
 .text.xTaskResumeAll
                0x080006e0      0x14c build/tasks.o
                0x080006e0                xTaskResumeAll
 .text.vTaskSwitchContext
                0x0800082c       0x9c build/tasks.o
                0x0800082c                vTaskSwitchContext
 .text.vListInitialise
                0x080008c8       0x16 build/list.o
                0x080008c8                vListInitialise
 .text.vListInitialiseItem
                0x080008de        0x6 build/list.o
                0x080008de                vListInitialiseItem
 .text.uxListRemove
                0x080008e4       0x1e build/list.o
                0x080008e4                uxListRemove
 .text.prvTaskExitError
                0x08000902       0x20 build/port.o
 *fill*         0x08000922        0x2 
 .text.prvPortStartFirstTask
                0x08000924       0x20 build/port.o
 .text.pxPortInitialiseStack
                0x08000944       0x24 build/port.o
                0x08000944                pxPortInitialiseStack
 .text.SVC_Handler
                0x08000968       0x24 build/port.o
                0x08000968                SVC_Handler
 .text.vPortEnterCritical
                0x0800098c       0x20 build/port.o
                0x0800098c                vPortEnterCritical
 .text.vPortExitCritical
                0x080009ac       0x14 build/port.o
                0x080009ac                vPortExitCritical
 .text.PendSV_Handler
                0x080009c0       0x44 build/port.o
                0x080009c0                PendSV_Handler
 .text.SysTick_Handler
                0x08000a04       0x2c build/port.o
                0x08000a04                SysTick_Handler
 .text.vPortSetupTimerInterrupt
                0x08000a30       0x16 build/port.o
                0x08000a30                vPortSetupTimerInterrupt
 *fill*         0x08000a46        0x2 
 .text.xPortStartScheduler
                0x08000a48       0x40 build/port.o
                0x08000a48                xPortStartScheduler
 .text.pvPortMalloc
                0x08000a88       0xf8 build/heap_4.o
                0x08000a88                pvPortMalloc
 .text.vPortFree
                0x08000b80       0x94 build/heap_4.o
                0x08000b80                vPortFree
 .text.Reset_Handler
                0x08000c14       0x40 build/startup_stm32f103.o
                0x08000c14                Reset_Handler
 .text.Default_Handler
                0x08000c54        0x2 build/startup_stm32f103.o
                0x08000c54                EXTI2_IRQHandler
                0x08000c54                DebugMon_Handler
                0x08000c54                TIM1_CC_IRQHandler
                0x08000c54                HardFault_Handler
                0x08000c54                PVD_IRQHandler
                0x08000c54                NMI_Handler
                0x08000c54                EXTI3_IRQHandler
                0x08000c54                EXTI0_IRQHandler
                0x08000c54                I2C2_EV_IRQHandler
                0x08000c54                UsageFault_Handler
                0x08000c54                ADC1_2_IRQHandler
                0x08000c54                SPI1_IRQHandler
                0x08000c54                TAMPER_IRQHandler
                0x08000c54                DMA1_Channel4_IRQHandler
                0x08000c54                USART3_IRQHandler
                0x08000c54                RTC_IRQHandler
                0x08000c54                DMA1_Channel7_IRQHandler
                0x08000c54                CAN1_RX1_IRQHandler
                0x08000c54                TIM4_IRQHandler
                0x08000c54                I2C1_EV_IRQHandler
                0x08000c54                DMA1_Channel6_IRQHandler
                0x08000c54                TIM3_IRQHandler
                0x08000c54                RCC_IRQHandler
                0x08000c54                TIM1_TRG_COM_IRQHandler
                0x08000c54                DMA1_Channel1_IRQHandler
                0x08000c54                EXTI15_10_IRQHandler
                0x08000c54                EXTI9_5_IRQHandler
                0x08000c54                SPI2_IRQHandler
                0x08000c54                MemManage_Handler
                0x08000c54                DMA1_Channel5_IRQHandler
                0x08000c54                EXTI4_IRQHandler
                0x08000c54                USB_LP_CAN1_RX0_IRQHandler
                0x08000c54                USB_HP_CAN1_TX_IRQHandler
                0x08000c54                DMA1_Channel3_IRQHandler
                0x08000c54                TIM1_UP_IRQHandler
                0x08000c54                WWDG_IRQHandler
                0x08000c54                TIM2_IRQHandler
                0x08000c54                TIM1_BRK_IRQHandler
                0x08000c54                EXTI1_IRQHandler
                0x08000c54                RTCAlarm_IRQHandler
                0x08000c54                USART2_IRQHandler
                0x08000c54                I2C2_ER_IRQHandler
                0x08000c54                DMA1_Channel2_IRQHandler
                0x08000c54                CAN1_SCE_IRQHandler
                0x08000c54                FLASH_IRQHandler
                0x08000c54                BusFault_Handler
                0x08000c54                USART1_IRQHandler
                0x08000c54                I2C1_ER_IRQHandler
                0x08000c54                USBWakeUp_IRQHandler
 *(.rodata)
 *(.rodata*)
 .rodata.main.str1.1
                0x08000c56       0x1a build/main.o
                                 0x15 (size before relaxing)
 .rodata.led_c  0x08000c70        0xc build/main.o
 .rodata.led_b  0x08000c7c        0xc build/main.o
 .rodata.led_a  0x08000c88        0xc build/main.o
 .rodata.vTaskStartScheduler.str1.1
                0x08000c94        0x5 build/tasks.o
 .rodata.uxTopUsedPriority
                0x08000c94        0x4 build/tasks.o
                0x08000c9c                        . = ALIGN (0x4)

.glue_7         0x08000c98        0x0
 .glue_7        0x08000c98        0x0 linker stubs

.glue_7t        0x08000c98        0x0
 .glue_7t       0x08000c98        0x0 linker stubs

.vfp11_veneer   0x08000c98        0x0
 .vfp11_veneer  0x08000c98        0x0 linker stubs

.v4_bx          0x08000c98        0x0
 .v4_bx         0x08000c98        0x0 linker stubs

.iplt           0x08000c98        0x0
 .iplt          0x08000c98        0x0 build/main.o

.rel.dyn        0x08000c98        0x0
 .rel.iplt      0x08000c98        0x0 build/main.o

.data           0x20000000        0x4 load address 0x08000c98
                0x20000000                        . = ALIGN (0x4)
                0x20000000                        _sdata = .
 *(.data)
 *(.data*)
 .data.uxCriticalNesting
                0x20000000        0x4 build/port.o
                0x20000004                        . = ALIGN (0x4)
                0x20000004                        _edata = .
                0x08000c98                        _sidata = LOADADDR (.data)

.igot.plt       0x20000004        0x0 load address 0x08000c9c
 .igot.plt      0x20000004        0x0 build/main.o

.bss            0x20000004     0x1124 load address 0x08000c9c
                0x20000004                        . = ALIGN (0x4)
                0x20000004                        _sbss = .
 *(.bss)
 *(.bss*)
 .bss.g_msticks
                0x20000004        0x4 build/main.o
 .bss.uxSchedulerSuspended
                0x20000008        0x4 build/tasks.o
 .bss.xIdleTaskHandles
                0x2000000c        0x4 build/tasks.o
 .bss.xNextTaskUnblockTime
                0x20000010        0x4 build/tasks.o
 .bss.uxTaskNumber
                0x20000014        0x4 build/tasks.o
 .bss.xNumOfOverflows
                0x20000018        0x4 build/tasks.o
 .bss.xYieldPendings
                0x2000001c        0x4 build/tasks.o
 .bss.xPendedTicks
                0x20000020        0x4 build/tasks.o
 .bss.xSchedulerRunning
                0x20000024        0x4 build/tasks.o
 .bss.uxTopReadyPriority
                0x20000028        0x4 build/tasks.o
 .bss.xTickCount
                0x2000002c        0x4 build/tasks.o
 .bss.uxCurrentNumberOfTasks
                0x20000030        0x4 build/tasks.o
 .bss.xSuspendedTaskList
                0x20000034       0x14 build/tasks.o
 .bss.uxDeletedTasksWaitingCleanUp
                0x20000048        0x4 build/tasks.o
 .bss.xTasksWaitingTermination
                0x2000004c       0x14 build/tasks.o
 .bss.xPendingReadyList
                0x20000060       0x14 build/tasks.o
 .bss.pxOverflowDelayedTaskList
                0x20000074        0x4 build/tasks.o
 .bss.pxDelayedTaskList
                0x20000078        0x4 build/tasks.o
 .bss.xDelayedTaskList2
                0x2000007c       0x14 build/tasks.o
 .bss.xDelayedTaskList1
                0x20000090       0x14 build/tasks.o
 .bss.pxReadyTasksLists
                0x200000a4       0x64 build/tasks.o
 .bss.pxCurrentTCB
                0x20000108        0x4 build/tasks.o
                0x20000108                pxCurrentTCB
 .bss.xNumberOfSuccessfulFrees
                0x2000010c        0x4 build/heap_4.o
 .bss.xNumberOfSuccessfulAllocations
                0x20000110        0x4 build/heap_4.o
 .bss.xMinimumEverFreeBytesRemaining
                0x20000114        0x4 build/heap_4.o
 .bss.xFreeBytesRemaining
                0x20000118        0x4 build/heap_4.o
 .bss.pxEnd     0x2000011c        0x4 build/heap_4.o
 .bss.xStart    0x20000120        0x8 build/heap_4.o
 .bss.ucHeap    0x20000128     0x1000 build/heap_4.o
 *(COMMON)
                0x20001128                        . = ALIGN (0x4)
                0x20001128                        _ebss = .
OUTPUT(build/three-thread-blink.elf elf32-littlearm)
LOAD linker stubs

.debug_info     0x00000000     0x3a06
 .debug_info    0x00000000      0x5a3 build/main.o
 .debug_info    0x000005a3     0x2710 build/tasks.o
 .debug_info    0x00002cb3      0x2b2 build/list.o
 .debug_info    0x00002f65      0x35e build/port.o
 .debug_info    0x000032c3      0x5eb build/heap_4.o
 .debug_info    0x000038ae       0x23 build/startup_stm32f103.o
 .debug_info    0x000038d1      0x135 /usr/lib/gcc/arm-none-eabi/13.2.1/../../../arm-none-eabi/lib/thumb/v7-m/nofp/libc_nano.a(libc_a-memset.o)

.debug_abbrev   0x00000000      0xe87
 .debug_abbrev  0x00000000      0x26c build/main.o
 .debug_abbrev  0x0000026c      0x507 build/tasks.o
 .debug_abbrev  0x00000773      0x105 build/list.o
 .debug_abbrev  0x00000878      0x261 build/port.o
 .debug_abbrev  0x00000ad9      0x2e5 build/heap_4.o
 .debug_abbrev  0x00000dbe       0x12 build/startup_stm32f103.o
 .debug_abbrev  0x00000dd0       0xb7 /usr/lib/gcc/arm-none-eabi/13.2.1/../../../arm-none-eabi/lib/thumb/v7-m/nofp/libc_nano.a(libc_a-memset.o)

.debug_loclists
                0x00000000     0x1c1d
 .debug_loclists
                0x00000000       0xb0 build/main.o
 .debug_loclists
                0x000000b0     0x155e build/tasks.o
 .debug_loclists
                0x0000160e       0x77 build/list.o
 .debug_loclists
                0x00001685       0x82 build/port.o
 .debug_loclists
                0x00001707      0x33f build/heap_4.o
 .debug_loclists
                0x00001a46      0x1d7 /usr/lib/gcc/arm-none-eabi/13.2.1/../../../arm-none-eabi/lib/thumb/v7-m/nofp/libc_nano.a(libc_a-memset.o)

.debug_aranges  0x00000000      0x310
 .debug_aranges
                0x00000000       0x38 build/main.o
 .debug_aranges
                0x00000038      0x180 build/tasks.o
 .debug_aranges
                0x000001b8       0x40 build/list.o
 .debug_aranges
                0x000001f8       0x70 build/port.o
 .debug_aranges
                0x00000268       0x60 build/heap_4.o
 .debug_aranges
                0x000002c8       0x28 build/startup_stm32f103.o
 .debug_aranges
                0x000002f0       0x20 /usr/lib/gcc/arm-none-eabi/13.2.1/../../../arm-none-eabi/lib/thumb/v7-m/nofp/libc_nano.a(libc_a-memset.o)

.debug_rnglists
                0x00000000      0x3d8
 .debug_rnglists
                0x00000000       0x3e build/main.o
 .debug_rnglists
                0x0000003e      0x2a9 build/tasks.o
 .debug_rnglists
                0x000002e7       0x2b build/list.o
 .debug_rnglists
                0x00000312       0x5b build/port.o
 .debug_rnglists
                0x0000036d       0x52 build/heap_4.o
 .debug_rnglists
                0x000003bf       0x19 build/startup_stm32f103.o

.debug_macro    0x00000000     0x3b10
 .debug_macro   0x00000000       0x9f build/main.o
 .debug_macro   0x0000009f      0xac0 build/main.o
 .debug_macro   0x00000b5f      0x34e build/main.o
 .debug_macro   0x00000ead       0xd0 build/main.o
 .debug_macro   0x00000f7d      0x190 build/main.o
 .debug_macro   0x0000110d       0x16 build/main.o
 .debug_macro   0x00001123       0xa6 build/main.o
 .debug_macro   0x000011c9       0x3a build/main.o
 .debug_macro   0x00001203      0x182 build/main.o
 .debug_macro   0x00001385       0xe7 build/main.o
 .debug_macro   0x0000146c       0x3a build/main.o
 .debug_macro   0x000014a6       0x1f build/main.o
 .debug_macro   0x000014c5       0x12 build/main.o
 .debug_macro   0x000014d7     0x1159 build/main.o
 .debug_macro   0x00002630       0xc3 build/main.o
 .debug_macro   0x000026f3      0x161 build/main.o
 .debug_macro   0x00002854      0x297 build/tasks.o
 .debug_macro   0x00002aeb       0x24 build/tasks.o
 .debug_macro   0x00002b0f       0x22 build/tasks.o
 .debug_macro   0x00002b31       0x60 build/tasks.o
 .debug_macro   0x00002b91       0x94 build/tasks.o
 .debug_macro   0x00002c25       0x3c build/tasks.o
 .debug_macro   0x00002c61       0x34 build/tasks.o
 .debug_macro   0x00002c95       0x16 build/tasks.o
 .debug_macro   0x00002cab      0x11c build/tasks.o
 .debug_macro   0x00002dc7       0x9b build/tasks.o
 .debug_macro   0x00002e62       0x57 build/tasks.o
 .debug_macro   0x00002eb9      0x370 build/tasks.o
 .debug_macro   0x00003229       0x16 build/tasks.o
 .debug_macro   0x0000323f       0x4a build/tasks.o
 .debug_macro   0x00003289       0x34 build/tasks.o
 .debug_macro   0x000032bd       0x10 build/tasks.o
 .debug_macro   0x000032cd       0x52 build/tasks.o
 .debug_macro   0x0000331f      0x1de build/tasks.o
 .debug_macro   0x000034fd       0x16 build/tasks.o
 .debug_macro   0x00003513       0x29 build/tasks.o
 .debug_macro   0x0000353c       0x16 build/tasks.o
 .debug_macro   0x00003552       0x3c build/tasks.o
 .debug_macro   0x0000358e       0x98 build/tasks.o
 .debug_macro   0x00003626       0x16 build/tasks.o
 .debug_macro   0x0000363c      0x171 build/list.o
 .debug_macro   0x000037ad      0x162 build/port.o
 .debug_macro   0x0000390f      0x201 build/heap_4.o

.debug_line     0x00000000     0x341d
 .debug_line    0x00000000      0x2b4 build/main.o
 .debug_line    0x000002b4     0x1f8b build/tasks.o
 .debug_line    0x0000223f      0x45a build/list.o
 .debug_line    0x00002699      0x3c2 build/port.o
 .debug_line    0x00002a5b      0x79e build/heap_4.o
 .debug_line    0x000031f9       0x73 build/startup_stm32f103.o
 .debug_line    0x0000326c      0x1b1 /usr/lib/gcc/arm-none-eabi/13.2.1/../../../arm-none-eabi/lib/thumb/v7-m/nofp/libc_nano.a(libc_a-memset.o)

.debug_str      0x00000000    0x14ba0
 .debug_str     0x00000000    0x14ba0 build/main.o
                               0xed08 (size before relaxing)
 .debug_str     0x00014ba0    0x139f4 build/tasks.o
 .debug_str     0x00014ba0    0x1024c build/list.o
 .debug_str     0x00014ba0     0xefee build/port.o
 .debug_str     0x00014ba0    0x11dea build/heap_4.o
 .debug_str     0x00014ba0       0x77 build/startup_stm32f103.o
 .debug_str     0x00014ba0      0x1a5 /usr/lib/gcc/arm-none-eabi/13.2.1/../../../arm-none-eabi/lib/thumb/v7-m/nofp/libc_nano.a(libc_a-memset.o)

.comment        0x00000000       0x26
 .comment       0x00000000       0x26 build/main.o
                                 0x27 (size before relaxing)
 .comment       0x00000026       0x27 build/tasks.o
 .comment       0x00000026       0x27 build/list.o
 .comment       0x00000026       0x27 build/port.o
 .comment       0x00000026       0x27 build/heap_4.o
 .comment       0x00000026       0x27 /usr/lib/gcc/arm-none-eabi/13.2.1/../../../arm-none-eabi/lib/thumb/v7-m/nofp/libc_nano.a(libc_a-memset.o)

.ARM.attributes
                0x00000000       0x2b
 .ARM.attributes
                0x00000000       0x2d build/main.o
 .ARM.attributes
                0x0000002d       0x2d build/tasks.o
 .ARM.attributes
                0x0000005a       0x2d build/list.o
 .ARM.attributes
                0x00000087       0x2d build/port.o
 .ARM.attributes
                0x000000b4       0x2d build/heap_4.o
 .ARM.attributes
                0x000000e1       0x21 build/startup_stm32f103.o
 .ARM.attributes
                0x00000102       0x2d /usr/lib/gcc/arm-none-eabi/13.2.1/../../../arm-none-eabi/lib/thumb/v7-m/nofp/libc_nano.a(libc_a-memset.o)

.debug_frame    0x00000000      0x7a4
 .debug_frame   0x00000000       0x64 build/main.o
 .debug_frame   0x00000064      0x4e0 build/tasks.o
 .debug_frame   0x00000544       0x6c build/list.o
 .debug_frame   0x000005b0       0xd8 build/port.o
 .debug_frame   0x00000688       0xf0 build/heap_4.o
 .debug_frame   0x00000778       0x2c /usr/lib/gcc/arm-none-eabi/13.2.1/../../../arm-none-eabi/lib/thumb/v7-m/nofp/libc_nano.a(libc_a-memset.o)

.debug_line_str
                0x00000000       0x6b
 .debug_line_str
                0x00000000       0x6b build/startup_stm32f103.o
