Archive member included to satisfy reference by file (symbol)

/usr/lib/gcc/arm-none-eabi/13.2.1/../../../arm-none-eabi/lib/thumb/v7-m/nofp/libc_nano.a(libc_a-memset.o)
                              build/tasks.o (memset)
/usr/lib/gcc/arm-none-eabi/13.2.1/../../../arm-none-eabi/lib/thumb/v7-m/nofp/libc_nano.a(libc_a-memcpy.o)
                              build/queue.o (memcpy)

Discarded input sections

 .group         0x00000000        0xc build/main.o
 .group         0x00000000        0xc build/main.o
 .group         0x00000000        0xc build/main.o
 .group         0x00000000        0xc build/main.o
 .group         0x00000000        0xc build/main.o
 .group         0x00000000        0xc build/main.o
 .group         0x00000000        0xc build/main.o
 .group         0x00000000        0xc build/main.o
 .group         0x00000000        0xc build/main.o
 .group         0x00000000        0xc build/main.o
 .group         0x00000000        0xc build/main.o
 .group         0x00000000        0xc build/main.o
 .group         0x00000000        0xc build/main.o
 .group         0x00000000        0xc build/main.o
 .group         0x00000000        0xc build/main.o
 .group         0x00000000        0xc build/main.o
 .group         0x00000000        0xc build/main.o
 .text          0x00000000        0x0 build/main.o
 .data          0x00000000        0x0 build/main.o
 .bss           0x00000000        0x0 build/main.o
 .group         0x00000000        0xc build/tasks.o
 .group         0x00000000        0xc build/tasks.o
 .group         0x00000000        0xc build/tasks.o
 .group         0x00000000        0xc build/tasks.o
 .group         0x00000000        0xc build/tasks.o
 .group         0x00000000        0xc build/tasks.o
 .group         0x00000000        0xc build/tasks.o
 .group         0x00000000        0xc build/tasks.o
 .group         0x00000000        0xc build/tasks.o
 .group         0x00000000        0xc build/tasks.o
 .group         0x00000000        0xc build/tasks.o
 .group         0x00000000        0xc build/tasks.o
 .group         0x00000000        0xc build/tasks.o
 .group         0x00000000        0xc build/tasks.o
 .group         0x00000000        0xc build/tasks.o
 .group         0x00000000        0xc build/tasks.o
 .group         0x00000000        0xc build/tasks.o
 .group         0x00000000        0xc build/tasks.o
 .group         0x00000000        0xc build/tasks.o
 .group         0x00000000        0xc build/tasks.o
 .group         0x00000000        0xc build/tasks.o
 .group         0x00000000        0xc build/tasks.o
 .group         0x00000000        0xc build/tasks.o
 .group         0x00000000        0xc build/tasks.o
 .group         0x00000000        0xc build/tasks.o
 .group         0x00000000        0xc build/tasks.o
 .group         0x00000000        0xc build/tasks.o
 .group         0x00000000        0xc build/tasks.o
 .group         0x00000000        0xc build/tasks.o
 .group         0x00000000        0xc build/tasks.o
 .group         0x00000000        0xc build/tasks.o
 .group         0x00000000        0xc build/tasks.o
 .group         0x00000000        0xc build/tasks.o
 .group         0x00000000        0xc build/tasks.o
 .group         0x00000000        0xc build/tasks.o
 .group         0x00000000        0xc build/tasks.o
 .text          0x00000000        0x0 build/tasks.o
 .data          0x00000000        0x0 build/tasks.o
 .bss           0x00000000        0x0 build/tasks.o
 .text.prvTaskIsTaskSuspended
                0x00000000       0x2c build/tasks.o
 .text.vTaskDelete
                0x00000000       0xc4 build/tasks.o
 .text.vTaskResume
                0x00000000       0x88 build/tasks.o
 .text.xTaskResumeFromISR
                0x00000000       0xa0 build/tasks.o
 .text.vTaskEndScheduler
                0x00000000       0x34 build/tasks.o
 .text.xTaskGetTickCount
                0x00000000        0xc build/tasks.o
 .text.xTaskGetTickCountFromISR
                0x00000000        0xc build/tasks.o
 .text.uxTaskGetNumberOfTasks
                0x00000000        0xc build/tasks.o
 .text.pcTaskGetName
                0x00000000       0x10 build/tasks.o
 .text.xTaskCatchUpTicks
                0x00000000       0x24 build/tasks.o
 .text.vTaskSuspend
                0x00000000       0xbc build/tasks.o
 .text.vTaskPlaceOnUnorderedEventList
                0x00000000       0x40 build/tasks.o
 .text.vTaskRemoveFromUnorderedEventList
                0x00000000       0x94 build/tasks.o
 .text.vTaskSetTimeOutState
                0x00000000       0x24 build/tasks.o
 .text.xTaskGetCurrentTaskHandle
                0x00000000        0xc build/tasks.o
 .text.xTaskGetCurrentTaskHandleForCore
                0x00000000       0x10 build/tasks.o
 .text.uxTaskResetEventItemValue
                0x00000000       0x18 build/tasks.o
 .text.ulTaskGenericNotifyTake
                0x00000000       0xa4 build/tasks.o
 .text.xTaskGenericNotifyWait
                0x00000000       0xcc build/tasks.o
 .text.xTaskGenericNotify
                0x00000000       0xe8 build/tasks.o
 .text.xTaskGenericNotifyFromISR
                0x00000000      0x118 build/tasks.o
 .text.vTaskGenericNotifyGiveFromISR
                0x00000000       0xd8 build/tasks.o
 .text.xTaskGenericNotifyStateClear
                0x00000000       0x30 build/tasks.o
 .text.ulTaskGenericNotifyValueClear
                0x00000000       0x2c build/tasks.o
 .text.vTaskResetState
                0x00000000       0x64 build/tasks.o
 .debug_macro   0x00000000      0xac0 build/tasks.o
 .debug_macro   0x00000000      0x34e build/tasks.o
 .debug_macro   0x00000000       0x16 build/tasks.o
 .debug_macro   0x00000000       0xa6 build/tasks.o
 .debug_macro   0x00000000       0x3a build/tasks.o
 .debug_macro   0x00000000      0x182 build/tasks.o
 .debug_macro   0x00000000       0xe7 build/tasks.o
 .debug_macro   0x00000000       0x3a build/tasks.o
 .debug_macro   0x00000000       0x1f build/tasks.o
 .debug_macro   0x00000000       0x12 build/tasks.o
 .debug_macro   0x00000000     0x1159 build/tasks.o
 .debug_macro   0x00000000       0xc3 build/tasks.o
 .debug_macro   0x00000000      0x161 build/tasks.o
 .group         0x00000000        0xc build/list.o
 .group         0x00000000        0xc build/list.o
 .group         0x00000000        0xc build/list.o
 .group         0x00000000        0xc build/list.o
 .group         0x00000000        0xc build/list.o
 .group         0x00000000        0xc build/list.o
 .group         0x00000000        0xc build/list.o
 .group         0x00000000        0xc build/list.o
 .group         0x00000000        0xc build/list.o
 .group         0x00000000        0xc build/list.o
 .group         0x00000000        0xc build/list.o
 .group         0x00000000        0xc build/list.o
 .group         0x00000000        0xc build/list.o
 .group         0x00000000        0xc build/list.o
 .group         0x00000000        0xc build/list.o
 .group         0x00000000        0xc build/list.o
 .group         0x00000000        0xc build/list.o
 .group         0x00000000        0xc build/list.o
 .group         0x00000000        0xc build/list.o
 .group         0x00000000        0xc build/list.o
 .group         0x00000000        0xc build/list.o
 .group         0x00000000        0xc build/list.o
 .group         0x00000000        0xc build/list.o
 .group         0x00000000        0xc build/list.o
 .group         0x00000000        0xc build/list.o
 .group         0x00000000        0xc build/list.o
 .group         0x00000000        0xc build/list.o
 .group         0x00000000        0xc build/list.o
 .group         0x00000000        0xc build/list.o
 .group         0x00000000        0xc build/list.o
 .group         0x00000000        0xc build/list.o
 .text          0x00000000        0x0 build/list.o
 .data          0x00000000        0x0 build/list.o
 .bss           0x00000000        0x0 build/list.o
 .text.vListInsertEnd
                0x00000000       0x16 build/list.o
 .debug_macro   0x00000000      0xac0 build/list.o
 .debug_macro   0x00000000       0x24 build/list.o
 .debug_macro   0x00000000       0x22 build/list.o
 .debug_macro   0x00000000       0x60 build/list.o
 .debug_macro   0x00000000       0x94 build/list.o
 .debug_macro   0x00000000       0x3c build/list.o
 .debug_macro   0x00000000       0x34 build/list.o
 .debug_macro   0x00000000       0x16 build/list.o
 .debug_macro   0x00000000      0x11c build/list.o
 .debug_macro   0x00000000       0x9b build/list.o
 .debug_macro   0x00000000       0x57 build/list.o
 .debug_macro   0x00000000      0x370 build/list.o
 .debug_macro   0x00000000       0x16 build/list.o
 .debug_macro   0x00000000       0x4a build/list.o
 .debug_macro   0x00000000       0x34 build/list.o
 .debug_macro   0x00000000       0x10 build/list.o
 .debug_macro   0x00000000       0x52 build/list.o
 .debug_macro   0x00000000      0x1de build/list.o
 .debug_macro   0x00000000       0x16 build/list.o
 .debug_macro   0x00000000       0x29 build/list.o
 .debug_macro   0x00000000      0x34e build/list.o
 .debug_macro   0x00000000       0x16 build/list.o
 .debug_macro   0x00000000       0xa6 build/list.o
 .debug_macro   0x00000000       0x3a build/list.o
 .debug_macro   0x00000000      0x182 build/list.o
 .debug_macro   0x00000000       0xe7 build/list.o
 .debug_macro   0x00000000       0x3a build/list.o
 .debug_macro   0x00000000       0x1f build/list.o
 .debug_macro   0x00000000       0x12 build/list.o
 .debug_macro   0x00000000     0x1159 build/list.o
 .debug_macro   0x00000000       0xc3 build/list.o
 .group         0x00000000        0xc build/queue.o
 .group         0x00000000        0xc build/queue.o
 .group         0x00000000        0xc build/queue.o
 .group         0x00000000        0xc build/queue.o
 .group         0x00000000        0xc build/queue.o
 .group         0x00000000        0xc build/queue.o
 .group         0x00000000        0xc build/queue.o
 .group         0x00000000        0xc build/queue.o
 .group         0x00000000        0xc build/queue.o
 .group         0x00000000        0xc build/queue.o
 .group         0x00000000        0xc build/queue.o
 .group         0x00000000        0xc build/queue.o
 .group         0x00000000        0xc build/queue.o
 .group         0x00000000        0xc build/queue.o
 .group         0x00000000        0xc build/queue.o
 .group         0x00000000        0xc build/queue.o
 .group         0x00000000        0xc build/queue.o
 .group         0x00000000        0xc build/queue.o
 .group         0x00000000        0xc build/queue.o
 .group         0x00000000        0xc build/queue.o
 .group         0x00000000        0xc build/queue.o
 .group         0x00000000        0xc build/queue.o
 .group         0x00000000        0xc build/queue.o
 .group         0x00000000        0xc build/queue.o
 .group         0x00000000        0xc build/queue.o
 .group         0x00000000        0xc build/queue.o
 .group         0x00000000        0xc build/queue.o
 .group         0x00000000        0xc build/queue.o
 .group         0x00000000        0xc build/queue.o
 .group         0x00000000        0xc build/queue.o
 .group         0x00000000        0xc build/queue.o
 .group         0x00000000        0xc build/queue.o
 .group         0x00000000        0xc build/queue.o
 .group         0x00000000        0xc build/queue.o
 .group         0x00000000        0xc build/queue.o
 .text          0x00000000        0x0 build/queue.o
 .data          0x00000000        0x0 build/queue.o
 .bss           0x00000000        0x0 build/queue.o
 .text.prvCopyDataFromQueue
                0x00000000       0x28 build/queue.o
 .text.xQueueGenericSendFromISR
                0x00000000       0x6c build/queue.o
 .text.xQueueGiveFromISR
                0x00000000       0x60 build/queue.o
 .text.xQueueReceive
                0x00000000       0xee build/queue.o
 .text.xQueuePeek
                0x00000000       0xec build/queue.o
 .text.xQueueReceiveFromISR
                0x00000000       0x6c build/queue.o
 .text.xQueuePeekFromISR
                0x00000000       0x30 build/queue.o
 .text.uxQueueMessagesWaiting
                0x00000000       0x12 build/queue.o
 .text.uxQueueSpacesAvailable
                0x00000000       0x16 build/queue.o
 .text.uxQueueMessagesWaitingFromISR
                0x00000000        0x4 build/queue.o
 .text.vQueueDelete
                0x00000000        0x4 build/queue.o
 .text.uxQueueGetQueueItemSize
                0x00000000        0x4 build/queue.o
 .text.uxQueueGetQueueLength
                0x00000000        0x4 build/queue.o
 .text.xQueueIsQueueEmptyFromISR
                0x00000000        0xa build/queue.o
 .text.xQueueIsQueueFullFromISR
                0x00000000        0xc build/queue.o
 .debug_macro   0x00000000      0xac0 build/queue.o
 .debug_macro   0x00000000       0x24 build/queue.o
 .debug_macro   0x00000000       0x22 build/queue.o
 .debug_macro   0x00000000       0x60 build/queue.o
 .debug_macro   0x00000000       0x94 build/queue.o
 .debug_macro   0x00000000       0x3c build/queue.o
 .debug_macro   0x00000000       0x34 build/queue.o
 .debug_macro   0x00000000       0x16 build/queue.o
 .debug_macro   0x00000000      0x11c build/queue.o
 .debug_macro   0x00000000       0x9b build/queue.o
 .debug_macro   0x00000000       0x57 build/queue.o
 .debug_macro   0x00000000      0x370 build/queue.o
 .debug_macro   0x00000000       0x16 build/queue.o
 .debug_macro   0x00000000       0x4a build/queue.o
 .debug_macro   0x00000000       0x34 build/queue.o
 .debug_macro   0x00000000       0x10 build/queue.o
 .debug_macro   0x00000000       0x52 build/queue.o
 .debug_macro   0x00000000      0x1de build/queue.o
 .debug_macro   0x00000000       0x16 build/queue.o
 .debug_macro   0x00000000       0x29 build/queue.o
 .debug_macro   0x00000000       0x16 build/queue.o
 .debug_macro   0x00000000       0x3c build/queue.o
 .debug_macro   0x00000000      0x34e build/queue.o
 .debug_macro   0x00000000       0x16 build/queue.o
 .debug_macro   0x00000000       0xa6 build/queue.o
 .debug_macro   0x00000000       0x3a build/queue.o
 .debug_macro   0x00000000      0x182 build/queue.o
 .debug_macro   0x00000000       0xe7 build/queue.o
 .debug_macro   0x00000000       0x3a build/queue.o
 .debug_macro   0x00000000       0x1f build/queue.o
 .debug_macro   0x00000000       0x12 build/queue.o
 .debug_macro   0x00000000     0x1159 build/queue.o
 .debug_macro   0x00000000       0xc3 build/queue.o
 .debug_macro   0x00000000      0x161 build/queue.o
 .debug_macro   0x00000000       0x80 build/queue.o
 .group         0x00000000        0xc build/port.o
 .group         0x00000000        0xc build/port.o
 .group         0x00000000        0xc build/port.o
 .group         0x00000000        0xc build/port.o
 .group         0x00000000        0xc build/port.o
 .group         0x00000000        0xc build/port.o
 .group         0x00000000        0xc build/port.o
 .group         0x00000000        0xc build/port.o
 .group         0x00000000        0xc build/port.o
 .group         0x00000000        0xc build/port.o
 .group         0x00000000        0xc build/port.o
 .group         0x00000000        0xc build/port.o
 .group         0x00000000        0xc build/port.o
 .group         0x00000000        0xc build/port.o
 .text          0x00000000        0x0 build/port.o
 .data          0x00000000        0x0 build/port.o
 .bss           0x00000000        0x0 build/port.o
 .text.vPortEndScheduler
                0x00000000        0x2 build/port.o
 .debug_macro   0x00000000      0xac0 build/port.o
 .debug_macro   0x00000000      0x190 build/port.o
 .debug_macro   0x00000000      0x34e build/port.o
 .debug_macro   0x00000000       0x16 build/port.o
 .debug_macro   0x00000000       0xa6 build/port.o
 .debug_macro   0x00000000       0x3a build/port.o
 .debug_macro   0x00000000      0x182 build/port.o
 .debug_macro   0x00000000       0xe7 build/port.o
 .debug_macro   0x00000000       0x3a build/port.o
 .debug_macro   0x00000000       0x1f build/port.o
 .debug_macro   0x00000000       0x12 build/port.o
 .debug_macro   0x00000000     0x1159 build/port.o
 .debug_macro   0x00000000       0xc3 build/port.o
 .debug_macro   0x00000000      0x161 build/port.o
 .group         0x00000000        0xc build/heap_4.o
 .group         0x00000000        0xc build/heap_4.o
 .group         0x00000000        0xc build/heap_4.o
 .group         0x00000000        0xc build/heap_4.o
 .group         0x00000000        0xc build/heap_4.o
 .group         0x00000000        0xc build/heap_4.o
 .group         0x00000000        0xc build/heap_4.o
 .group         0x00000000        0xc build/heap_4.o
 .group         0x00000000        0xc build/heap_4.o
 .group         0x00000000        0xc build/heap_4.o
 .group         0x00000000        0xc build/heap_4.o
 .group         0x00000000        0xc build/heap_4.o
 .group         0x00000000        0xc build/heap_4.o
 .group         0x00000000        0xc build/heap_4.o
 .group         0x00000000        0xc build/heap_4.o
 .group         0x00000000        0xc build/heap_4.o
 .group         0x00000000        0xc build/heap_4.o
 .group         0x00000000        0xc build/heap_4.o
 .group         0x00000000        0xc build/heap_4.o
 .group         0x00000000        0xc build/heap_4.o
 .group         0x00000000        0xc build/heap_4.o
 .group         0x00000000        0xc build/heap_4.o
 .group         0x00000000        0xc build/heap_4.o
 .group         0x00000000        0xc build/heap_4.o
 .group         0x00000000        0xc build/heap_4.o
 .group         0x00000000        0xc build/heap_4.o
 .group         0x00000000        0xc build/heap_4.o
 .group         0x00000000        0xc build/heap_4.o
 .group         0x00000000        0xc build/heap_4.o
 .group         0x00000000        0xc build/heap_4.o
 .group         0x00000000        0xc build/heap_4.o
 .group         0x00000000        0xc build/heap_4.o
 .group         0x00000000        0xc build/heap_4.o
 .group         0x00000000        0xc build/heap_4.o
 .text          0x00000000        0x0 build/heap_4.o
 .data          0x00000000        0x0 build/heap_4.o
 .bss           0x00000000        0x0 build/heap_4.o
 .text.xPortGetFreeHeapSize
                0x00000000        0xc build/heap_4.o
 .text.xPortGetMinimumEverFreeHeapSize
                0x00000000        0xc build/heap_4.o
 .text.xPortResetHeapMinimumEverFreeHeapSize
                0x00000000       0x14 build/heap_4.o
 .text.vPortInitialiseBlocks
                0x00000000        0x2 build/heap_4.o
 .text.pvPortCalloc
                0x00000000       0x2a build/heap_4.o
 .text.vPortGetHeapStats
                0x00000000       0x84 build/heap_4.o
 .text.vPortHeapResetState
                0x00000000       0x2c build/heap_4.o
 .debug_macro   0x00000000      0xac0 build/heap_4.o
 .debug_macro   0x00000000       0x24 build/heap_4.o
 .debug_macro   0x00000000       0x22 build/heap_4.o
 .debug_macro   0x00000000       0x60 build/heap_4.o
 .debug_macro   0x00000000       0x94 build/heap_4.o
 .debug_macro   0x00000000       0x3c build/heap_4.o
 .debug_macro   0x00000000       0x34 build/heap_4.o
 .debug_macro   0x00000000       0x16 build/heap_4.o
 .debug_macro   0x00000000      0x11c build/heap_4.o
 .debug_macro   0x00000000       0x9b build/heap_4.o
 .debug_macro   0x00000000       0x57 build/heap_4.o
 .debug_macro   0x00000000      0x370 build/heap_4.o
 .debug_macro   0x00000000       0x16 build/heap_4.o
 .debug_macro   0x00000000       0x4a build/heap_4.o
 .debug_macro   0x00000000       0x34 build/heap_4.o
 .debug_macro   0x00000000       0x10 build/heap_4.o
 .debug_macro   0x00000000       0x52 build/heap_4.o
 .debug_macro   0x00000000      0x1de build/heap_4.o
 .debug_macro   0x00000000       0x16 build/heap_4.o
 .debug_macro   0x00000000       0x29 build/heap_4.o
 .debug_macro   0x00000000       0x16 build/heap_4.o
 .debug_macro   0x00000000       0x3c build/heap_4.o
 .debug_macro   0x00000000      0x34e build/heap_4.o
 .debug_macro   0x00000000       0x16 build/heap_4.o
 .debug_macro   0x00000000       0xa6 build/heap_4.o
 .debug_macro   0x00000000       0x3a build/heap_4.o
 .debug_macro   0x00000000      0x182 build/heap_4.o
 .debug_macro   0x00000000       0xe7 build/heap_4.o
 .debug_macro   0x00000000       0x3a build/heap_4.o
 .debug_macro   0x00000000       0x1f build/heap_4.o
 .debug_macro   0x00000000       0x12 build/heap_4.o
 .debug_macro   0x00000000     0x1159 build/heap_4.o
 .debug_macro   0x00000000       0xc3 build/heap_4.o
 .debug_macro   0x00000000      0x161 build/heap_4.o
 .text          0x00000000        0x0 build/startup_stm32f103.o
 .data          0x00000000        0x0 build/startup_stm32f103.o
 .bss           0x00000000        0x0 build/startup_stm32f103.o
 .data          0x00000000        0x0 /usr/lib/gcc/arm-none-eabi/13.2.1/../../../arm-none-eabi/lib/thumb/v7-m/nofp/libc_nano.a(libc_a-memset.o)
 .bss           0x00000000        0x0 /usr/lib/gcc/arm-none-eabi/13.2.1/../../../arm-none-eabi/lib/thumb/v7-m/nofp/libc_nano.a(libc_a-memset.o)
 .data          0x00000000        0x0 /usr/lib/gcc/arm-none-eabi/13.2.1/../../../arm-none-eabi/lib/thumb/v7-m/nofp/libc_nano.a(libc_a-memcpy.o)
 .bss           0x00000000        0x0 /usr/lib/gcc/arm-none-eabi/13.2.1/../../../arm-none-eabi/lib/thumb/v7-m/nofp/libc_nano.a(libc_a-memcpy.o)
 .ARM.extab     0x00000000        0x0 /usr/lib/gcc/arm-none-eabi/13.2.1/../../../arm-none-eabi/lib/thumb/v7-m/nofp/libc_nano.a(libc_a-memcpy.o)
 .eh_frame      0x00000000       0x2c /usr/lib/gcc/arm-none-eabi/13.2.1/../../../arm-none-eabi/lib/thumb/v7-m/nofp/libc_nano.a(libc_a-memcpy.o)

Memory Configuration

Name             Origin             Length             Attributes
FLASH            0x08000000         0x00010000         xr
RAM              0x20000000         0x00005000         xrw
*default*        0x00000000         0xffffffff

Linker script and memory map

LOAD build/main.o
LOAD build/tasks.o
LOAD build/list.o
LOAD build/queue.o
LOAD build/port.o
LOAD build/heap_4.o
LOAD build/startup_stm32f103.o
START GROUP
LOAD /usr/lib/gcc/arm-none-eabi/13.2.1/thumb/v7-m/nofp/libgcc.a
LOAD /usr/lib/gcc/arm-none-eabi/13.2.1/../../../arm-none-eabi/lib/thumb/v7-m/nofp/libc_nano.a
END GROUP
START GROUP
LOAD /usr/lib/gcc/arm-none-eabi/13.2.1/thumb/v7-m/nofp/libgcc.a
LOAD /usr/lib/gcc/arm-none-eabi/13.2.1/../../../arm-none-eabi/lib/thumb/v7-m/nofp/libc_nano.a
LOAD /usr/lib/gcc/arm-none-eabi/13.2.1/../../../arm-none-eabi/lib/thumb/v7-m/nofp/libnosys.a
END GROUP
START GROUP
LOAD /usr/lib/gcc/arm-none-eabi/13.2.1/thumb/v7-m/nofp/libgcc.a
LOAD /usr/lib/gcc/arm-none-eabi/13.2.1/../../../arm-none-eabi/lib/thumb/v7-m/nofp/libc_nano.a
LOAD /usr/lib/gcc/arm-none-eabi/13.2.1/../../../arm-none-eabi/lib/thumb/v7-m/nofp/libnosys.a
END GROUP
                0x20005000                        _estack = (ORIGIN (RAM) + LENGTH (RAM))

.isr_vector     0x08000000       0xec
                0x08000000                        . = ALIGN (0x4)
 *(.isr_vector)
 .isr_vector    0x08000000       0xec build/startup_stm32f103.o
                0x08000000                g_pfnVectorTable
                0x080000ec                        . = ALIGN (0x4)

.text           0x080000ec     0x1454
                0x080000ec                        . = ALIGN (0x4)
 *(.text)
 .text          0x080000ec       0xa0 /usr/lib/gcc/arm-none-eabi/13.2.1/../../../arm-none-eabi/lib/thumb/v7-m/nofp/libc_nano.a(libc_a-memset.o)
                0x080000ec                memset
 .text          0x0800018c       0xec /usr/lib/gcc/arm-none-eabi/13.2.1/../../../arm-none-eabi/lib/thumb/v7-m/nofp/libc_nano.a(libc_a-memcpy.o)
                0x0800018c                memcpy
 *(.text*)
 .text.task2_toggle_2hz
                0x08000278       0x48 build/main.o
 .text.task1_toggle_1hz
                0x080002c0       0x48 build/main.o
 .text.startup.main
                0x08000308       0x70 build/main.o
                0x08000308                main
 .text.vApplicationStackOverflowHook
                0x08000378        0x2 build/main.o
                0x08000378                vApplicationStackOverflowHook
 *fill*         0x0800037a        0x2 
 .text.prvAddCurrentTaskToDelayedList
                0x0800037c       0xac build/tasks.o
 .text.prvResetNextTaskUnblockTime
                0x08000428       0x24 build/tasks.o
 .text.prvCheckTasksWaitingTermination
                0x0800044c       0x48 build/tasks.o
 .text.prvIdleTask
                0x08000494       0x28 build/tasks.o
 .text.xTaskCreate
                0x080004bc      0x1c0 build/tasks.o
                0x080004bc                xTaskCreate
 .text.vTaskStartScheduler
                0x0800067c       0x7c build/tasks.o
                0x0800067c                vTaskStartScheduler
 .text.vTaskSuspendAll
                0x080006f8       0x10 build/tasks.o
                0x080006f8                vTaskSuspendAll
 .text.xTaskIncrementTick
                0x08000708      0x178 build/tasks.o
                0x08000708                xTaskIncrementTick
 .text.xTaskResumeAll
                0x08000880      0x14c build/tasks.o
                0x08000880                xTaskResumeAll
 .text.vTaskDelay
                0x080009cc       0x2e build/tasks.o
                0x080009cc                vTaskDelay
 *fill*         0x080009fa        0x2 
 .text.vTaskSwitchContext
                0x080009fc       0x9c build/tasks.o
                0x080009fc                vTaskSwitchContext
 .text.vTaskPlaceOnEventList
                0x08000a98       0x20 build/tasks.o
                0x08000a98                vTaskPlaceOnEventList
 .text.xTaskRemoveFromEventList
                0x08000ab8       0xb8 build/tasks.o
                0x08000ab8                xTaskRemoveFromEventList
 .text.vTaskInternalSetTimeOutState
                0x08000b70       0x18 build/tasks.o
                0x08000b70                vTaskInternalSetTimeOutState
 .text.xTaskCheckForTimeOut
                0x08000b88       0x50 build/tasks.o
                0x08000b88                xTaskCheckForTimeOut
 .text.vTaskMissedYield
                0x08000bd8        0xc build/tasks.o
                0x08000bd8                vTaskMissedYield
 .text.xTaskPriorityInherit
                0x08000be4       0xa0 build/tasks.o
                0x08000be4                xTaskPriorityInherit
 .text.xTaskPriorityDisinherit
                0x08000c84       0x74 build/tasks.o
                0x08000c84                xTaskPriorityDisinherit
 .text.vTaskPriorityDisinheritAfterTimeout
                0x08000cf8       0x84 build/tasks.o
                0x08000cf8                vTaskPriorityDisinheritAfterTimeout
 .text.pvTaskIncrementMutexHeldCount
                0x08000d7c       0x14 build/tasks.o
                0x08000d7c                pvTaskIncrementMutexHeldCount
 .text.vListInitialise
                0x08000d90       0x16 build/list.o
                0x08000d90                vListInitialise
 .text.vListInitialiseItem
                0x08000da6        0x6 build/list.o
                0x08000da6                vListInitialiseItem
 .text.vListInsert
                0x08000dac       0x2e build/list.o
                0x08000dac                vListInsert
 .text.uxListRemove
                0x08000dda       0x1e build/list.o
                0x08000dda                uxListRemove
 .text.prvIsQueueEmpty
                0x08000df8       0x16 build/queue.o
 .text.prvCopyDataToQueue
                0x08000e0e       0x66 build/queue.o
 .text.prvUnlockQueue
                0x08000e74       0x6c build/queue.o
 .text.xQueueGenericReset
                0x08000ee0       0x7a build/queue.o
                0x08000ee0                xQueueGenericReset
 .text.xQueueGenericCreate
                0x08000f5a       0x44 build/queue.o
                0x08000f5a                xQueueGenericCreate
 .text.xQueueGenericSend
                0x08000f9e       0xfa build/queue.o
                0x08000f9e                xQueueGenericSend
 .text.xQueueCreateMutex
                0x08001098       0x24 build/queue.o
                0x08001098                xQueueCreateMutex
 .text.xQueueSemaphoreTake
                0x080010bc      0x11c build/queue.o
                0x080010bc                xQueueSemaphoreTake
 .text.prvTaskExitError
                0x080011d8       0x20 build/port.o
 .text.prvPortStartFirstTask
                0x080011f8       0x20 build/port.o
 .text.pxPortInitialiseStack
                0x08001218       0x24 build/port.o
                0x08001218                pxPortInitialiseStack
 .text.SVC_Handler
                0x0800123c       0x24 build/port.o
                0x0800123c                SVC_Handler
 .text.vPortEnterCritical
                0x08001260       0x20 build/port.o
                0x08001260                vPortEnterCritical
 .text.vPortExitCritical
                0x08001280       0x14 build/port.o
                0x08001280                vPortExitCritical
 .text.PendSV_Handler
                0x08001294       0x44 build/port.o
                0x08001294                PendSV_Handler
 .text.SysTick_Handler
                0x080012d8       0x2c build/port.o
                0x080012d8                SysTick_Handler
 .text.vPortSetupTimerInterrupt
                0x08001304       0x16 build/port.o
                0x08001304                vPortSetupTimerInterrupt
 *fill*         0x0800131a        0x2 
 .text.xPortStartScheduler
                0x0800131c       0x40 build/port.o
                0x0800131c                xPortStartScheduler
 .text.pvPortMalloc
                0x0800135c       0xf8 build/heap_4.o
                0x0800135c                pvPortMalloc
 .text.vPortFree
                0x08001454       0x94 build/heap_4.o
                0x08001454                vPortFree
 .text.Reset_Handler
                0x080014e8       0x40 build/startup_stm32f103.o
                0x080014e8                Reset_Handler
 .text.Default_Handler
                0x08001528        0x2 build/startup_stm32f103.o
                0x08001528                EXTI2_IRQHandler
                0x08001528                DebugMon_Handler
                0x08001528                TIM1_CC_IRQHandler
                0x08001528                HardFault_Handler
                0x08001528                PVD_IRQHandler
                0x08001528                NMI_Handler
                0x08001528                EXTI3_IRQHandler
                0x08001528                EXTI0_IRQHandler
                0x08001528                I2C2_EV_IRQHandler
                0x08001528                UsageFault_Handler
                0x08001528                ADC1_2_IRQHandler
                0x08001528                SPI1_IRQHandler
                0x08001528                TAMPER_IRQHandler
                0x08001528                DMA1_Channel4_IRQHandler
                0x08001528                USART3_IRQHandler
                0x08001528                RTC_IRQHandler
                0x08001528                DMA1_Channel7_IRQHandler
                0x08001528                CAN1_RX1_IRQHandler
                0x08001528                TIM4_IRQHandler
                0x08001528                I2C1_EV_IRQHandler
                0x08001528                DMA1_Channel6_IRQHandler
                0x08001528                TIM3_IRQHandler
                0x08001528                RCC_IRQHandler
                0x08001528                TIM1_TRG_COM_IRQHandler
                0x08001528                DMA1_Channel1_IRQHandler
                0x08001528                EXTI15_10_IRQHandler
                0x08001528                EXTI9_5_IRQHandler
                0x08001528                SPI2_IRQHandler
                0x08001528                MemManage_Handler
                0x08001528                DMA1_Channel5_IRQHandler
                0x08001528                EXTI4_IRQHandler
                0x08001528                USB_LP_CAN1_RX0_IRQHandler
                0x08001528                USB_HP_CAN1_TX_IRQHandler
                0x08001528                DMA1_Channel3_IRQHandler
                0x08001528                TIM1_UP_IRQHandler
                0x08001528                WWDG_IRQHandler
                0x08001528                TIM2_IRQHandler
                0x08001528                TIM1_BRK_IRQHandler
                0x08001528                EXTI1_IRQHandler
                0x08001528                RTCAlarm_IRQHandler
                0x08001528                USART2_IRQHandler
                0x08001528                I2C2_ER_IRQHandler
                0x08001528                DMA1_Channel2_IRQHandler
                0x08001528                CAN1_SCE_IRQHandler
                0x08001528                FLASH_IRQHandler
                0x08001528                BusFault_Handler
                0x08001528                USART1_IRQHandler
                0x08001528                I2C1_ER_IRQHandler
                0x08001528                USBWakeUp_IRQHandler
 *(.rodata)
 *(.rodata*)
 .rodata.main.str1.1
                0x0800152a       0x11 build/main.o
                                  0xc (size before relaxing)
 .rodata.vTaskStartScheduler.str1.1
                0x0800153b        0x5 build/tasks.o
 *fill*         0x0800153b        0x1 
 .rodata.uxTopUsedPriority
                0x0800153c        0x4 build/tasks.o
                0x08001540                        . = ALIGN (0x4)

.glue_7         0x08001540        0x0
 .glue_7        0x08001540        0x0 linker stubs

.glue_7t        0x08001540        0x0
 .glue_7t       0x08001540        0x0 linker stubs

.vfp11_veneer   0x08001540        0x0
 .vfp11_veneer  0x08001540        0x0 linker stubs

.v4_bx          0x08001540        0x0
 .v4_bx         0x08001540        0x0 linker stubs

.iplt           0x08001540        0x0
 .iplt          0x08001540        0x0 build/main.o

.rel.dyn        0x08001540        0x0
 .rel.iplt      0x08001540        0x0 build/main.o

.ARM.exidx      0x08001540        0x8
 .ARM.exidx     0x08001540        0x8 /usr/lib/gcc/arm-none-eabi/13.2.1/../../../arm-none-eabi/lib/thumb/v7-m/nofp/libc_nano.a(libc_a-memcpy.o)

.data           0x20000000        0x4 load address 0x08001548
                0x20000000                        . = ALIGN (0x4)
                0x20000000                        _sdata = .
 *(.data)
 *(.data*)
 .data.uxCriticalNesting
                0x20000000        0x4 build/port.o
                0x20000004                        . = ALIGN (0x4)
                0x20000004                        _edata = .
                0x08001548                        _sidata = LOADADDR (.data)

.igot.plt       0x20000004        0x0 load address 0x0800154c
 .igot.plt      0x20000004        0x0 build/main.o

.bss            0x20000004     0x1124 load address 0x0800154c
                0x20000004                        . = ALIGN (0x4)
                0x20000004                        _sbss = .
 *(.bss)
 *(.bss*)
 .bss.xLedMutex
                0x20000004        0x4 build/main.o
 .bss.uxSchedulerSuspended
                0x20000008        0x4 build/tasks.o
 .bss.xIdleTaskHandles
                0x2000000c        0x4 build/tasks.o
 .bss.xNextTaskUnblockTime
                0x20000010        0x4 build/tasks.o
 .bss.uxTaskNumber
                0x20000014        0x4 build/tasks.o
 .bss.xNumOfOverflows
                0x20000018        0x4 build/tasks.o
 .bss.xYieldPendings
                0x2000001c        0x4 build/tasks.o
 .bss.xPendedTicks
                0x20000020        0x4 build/tasks.o
 .bss.xSchedulerRunning
                0x20000024        0x4 build/tasks.o
 .bss.uxTopReadyPriority
                0x20000028        0x4 build/tasks.o
 .bss.xTickCount
                0x2000002c        0x4 build/tasks.o
 .bss.uxCurrentNumberOfTasks
                0x20000030        0x4 build/tasks.o
 .bss.xSuspendedTaskList
                0x20000034       0x14 build/tasks.o
 .bss.uxDeletedTasksWaitingCleanUp
                0x20000048        0x4 build/tasks.o
 .bss.xTasksWaitingTermination
                0x2000004c       0x14 build/tasks.o
 .bss.xPendingReadyList
                0x20000060       0x14 build/tasks.o
 .bss.pxOverflowDelayedTaskList
                0x20000074        0x4 build/tasks.o
 .bss.pxDelayedTaskList
                0x20000078        0x4 build/tasks.o
 .bss.xDelayedTaskList2
                0x2000007c       0x14 build/tasks.o
 .bss.xDelayedTaskList1
                0x20000090       0x14 build/tasks.o
 .bss.pxReadyTasksLists
                0x200000a4       0x64 build/tasks.o
 .bss.pxCurrentTCB
                0x20000108        0x4 build/tasks.o
                0x20000108                pxCurrentTCB
 .bss.xNumberOfSuccessfulFrees
                0x2000010c        0x4 build/heap_4.o
 .bss.xNumberOfSuccessfulAllocations
                0x20000110        0x4 build/heap_4.o
 .bss.xMinimumEverFreeBytesRemaining
                0x20000114        0x4 build/heap_4.o
 .bss.xFreeBytesRemaining
                0x20000118        0x4 build/heap_4.o
 .bss.pxEnd     0x2000011c        0x4 build/heap_4.o
 .bss.xStart    0x20000120        0x8 build/heap_4.o
 .bss.ucHeap    0x20000128     0x1000 build/heap_4.o
 *(COMMON)
                0x20001128                        . = ALIGN (0x4)
                0x20001128                        _ebss = .
OUTPUT(build/shared-led-mutex.elf elf32-littlearm)
LOAD linker stubs

.debug_info     0x00000000     0x545c
 .debug_info    0x00000000      0x583 build/main.o
 .debug_info    0x00000583     0x26ef build/tasks.o
 .debug_info    0x00002c72      0x2b2 build/list.o
 .debug_info    0x00002f24     0x1a64 build/queue.o
 .debug_info    0x00004988      0x35e build/port.o
 .debug_info    0x00004ce6      0x5eb build/heap_4.o
 .debug_info    0x000052d1       0x23 build/startup_stm32f103.o
 .debug_info    0x000052f4      0x135 /usr/lib/gcc/arm-none-eabi/13.2.1/../../../arm-none-eabi/lib/thumb/v7-m/nofp/libc_nano.a(libc_a-memset.o)
 .debug_info    0x00005429       0x33 /usr/lib/gcc/arm-none-eabi/13.2.1/../../../arm-none-eabi/lib/thumb/v7-m/nofp/libc_nano.a(libc_a-memcpy.o)

.debug_abbrev   0x00000000     0x120e
 .debug_abbrev  0x00000000      0x21a build/main.o
 .debug_abbrev  0x0000021a      0x4f3 build/tasks.o
 .debug_abbrev  0x0000070d      0x105 build/list.o
 .debug_abbrev  0x00000812      0x3c5 build/queue.o
 .debug_abbrev  0x00000bd7      0x261 build/port.o
 .debug_abbrev  0x00000e38      0x2e5 build/heap_4.o
 .debug_abbrev  0x0000111d       0x12 build/startup_stm32f103.o
 .debug_abbrev  0x0000112f       0xb7 /usr/lib/gcc/arm-none-eabi/13.2.1/../../../arm-none-eabi/lib/thumb/v7-m/nofp/libc_nano.a(libc_a-memset.o)
 .debug_abbrev  0x000011e6       0x28 /usr/lib/gcc/arm-none-eabi/13.2.1/../../../arm-none-eabi/lib/thumb/v7-m/nofp/libc_nano.a(libc_a-memcpy.o)

.debug_loclists
                0x00000000     0x282e
 .debug_loclists
                0x00000000       0x84 build/main.o
 .debug_loclists
                0x00000084     0x155e build/tasks.o
 .debug_loclists
                0x000015e2       0x77 build/list.o
 .debug_loclists
                0x00001659      0xc3d build/queue.o
 .debug_loclists
                0x00002296       0x82 build/port.o
 .debug_loclists
                0x00002318      0x33f build/heap_4.o
 .debug_loclists
                0x00002657      0x1d7 /usr/lib/gcc/arm-none-eabi/13.2.1/../../../arm-none-eabi/lib/thumb/v7-m/nofp/libc_nano.a(libc_a-memset.o)

.debug_aranges  0x00000000      0x400
 .debug_aranges
                0x00000000       0x38 build/main.o
 .debug_aranges
                0x00000038      0x180 build/tasks.o
 .debug_aranges
                0x000001b8       0x40 build/list.o
 .debug_aranges
                0x000001f8       0xd0 build/queue.o
 .debug_aranges
                0x000002c8       0x70 build/port.o
 .debug_aranges
                0x00000338       0x60 build/heap_4.o
 .debug_aranges
                0x00000398       0x28 build/startup_stm32f103.o
 .debug_aranges
                0x000003c0       0x20 /usr/lib/gcc/arm-none-eabi/13.2.1/../../../arm-none-eabi/lib/thumb/v7-m/nofp/libc_nano.a(libc_a-memset.o)
 .debug_aranges
                0x000003e0       0x20 /usr/lib/gcc/arm-none-eabi/13.2.1/../../../arm-none-eabi/lib/thumb/v7-m/nofp/libc_nano.a(libc_a-memcpy.o)

.debug_rnglists
                0x00000000      0x538
 .debug_rnglists
                0x00000000       0x31 build/main.o
 .debug_rnglists
                0x00000031      0x2a9 build/tasks.o
 .debug_rnglists
                0x000002da       0x2b build/list.o
 .debug_rnglists
                0x00000305      0x16d build/queue.o
 .debug_rnglists
                0x00000472       0x5b build/port.o
 .debug_rnglists
                0x000004cd       0x52 build/heap_4.o
 .debug_rnglists
                0x0000051f       0x19 build/startup_stm32f103.o

.debug_macro    0x00000000     0x3e17
 .debug_macro   0x00000000       0xc1 build/main.o
 .debug_macro   0x000000c1      0xac0 build/main.o
 .debug_macro   0x00000b81      0x34e build/main.o
 .debug_macro   0x00000ecf       0xd0 build/main.o
 .debug_macro   0x00000f9f      0x190 build/main.o
 .debug_macro   0x0000112f       0x16 build/main.o
 .debug_macro   0x00001145       0xa6 build/main.o
 .debug_macro   0x000011eb       0x3a build/main.o
 .debug_macro   0x00001225      0x182 build/main.o
 .debug_macro   0x000013a7       0xe7 build/main.o
 .debug_macro   0x0000148e       0x3a build/main.o
 .debug_macro   0x000014c8       0x1f build/main.o
 .debug_macro   0x000014e7       0x12 build/main.o
 .debug_macro   0x000014f9     0x1159 build/main.o
 .debug_macro   0x00002652       0xc3 build/main.o
 .debug_macro   0x00002715      0x161 build/main.o
 .debug_macro   0x00002876       0x80 build/main.o
 .debug_macro   0x000028f6       0x62 build/main.o
 .debug_macro   0x00002958      0x297 build/tasks.o
 .debug_macro   0x00002bef       0x24 build/tasks.o
 .debug_macro   0x00002c13       0x22 build/tasks.o
 .debug_macro   0x00002c35       0x60 build/tasks.o
 .debug_macro   0x00002c95       0x94 build/tasks.o
 .debug_macro   0x00002d29       0x3c build/tasks.o
 .debug_macro   0x00002d65       0x34 build/tasks.o
 .debug_macro   0x00002d99       0x16 build/tasks.o
 .debug_macro   0x00002daf      0x11c build/tasks.o
 .debug_macro   0x00002ecb       0x9b build/tasks.o
 .debug_macro   0x00002f66       0x57 build/tasks.o
 .debug_macro   0x00002fbd      0x370 build/tasks.o
 .debug_macro   0x0000332d       0x16 build/tasks.o
 .debug_macro   0x00003343       0x4a build/tasks.o
 .debug_macro   0x0000338d       0x34 build/tasks.o
 .debug_macro   0x000033c1       0x10 build/tasks.o
 .debug_macro   0x000033d1       0x52 build/tasks.o
 .debug_macro   0x00003423      0x1de build/tasks.o
 .debug_macro   0x00003601       0x16 build/tasks.o
 .debug_macro   0x00003617       0x29 build/tasks.o
 .debug_macro   0x00003640       0x16 build/tasks.o
 .debug_macro   0x00003656       0x3c build/tasks.o
 .debug_macro   0x00003692       0x98 build/tasks.o
 .debug_macro   0x0000372a       0x16 build/tasks.o
 .debug_macro   0x00003740      0x171 build/list.o
 .debug_macro   0x000038b1      0x203 build/queue.o
 .debug_macro   0x00003ab4      0x162 build/port.o
 .debug_macro   0x00003c16      0x201 build/heap_4.o

.debug_line     0x00000000     0x4792
 .debug_line    0x00000000      0x2e7 build/main.o
 .debug_line    0x000002e7     0x1f9b build/tasks.o
 .debug_line    0x00002282      0x481 build/list.o
 .debug_line    0x00002703     0x120d build/queue.o
 .debug_line    0x00003910      0x3dc build/port.o
 .debug_line    0x00003cec      0x7c5 build/heap_4.o
 .debug_line    0x000044b1       0x73 build/startup_stm32f103.o
 .debug_line    0x00004524      0x1b1 /usr/lib/gcc/arm-none-eabi/13.2.1/../../../arm-none-eabi/lib/thumb/v7-m/nofp/libc_nano.a(libc_a-memset.o)
 .debug_line    0x000046d5       0xbd /usr/lib/gcc/arm-none-eabi/13.2.1/../../../arm-none-eabi/lib/thumb/v7-m/nofp/libc_nano.a(libc_a-memcpy.o)

.debug_str      0x00000000    0x1622f
 .debug_str     0x00000000    0x1622f build/main.o
                               0xfa71 (size before relaxing)
 .debug_str     0x0001622f    0x139ee build/tasks.o
 .debug_str     0x0001622f    0x1025b build/list.o
 .debug_str     0x0001622f    0x129af build/queue.o
 .debug_str     0x0001622f     0xeffd build/port.o
 .debug_str     0x0001622f    0x11df9 build/heap_4.o
 .debug_str     0x0001622f       0x86 build/startup_stm32f103.o
 .debug_str     0x0001622f      0x1a5 /usr/lib/gcc/arm-none-eabi/13.2.1/../../../arm-none-eabi/lib/thumb/v7-m/nofp/libc_nano.a(libc_a-memset.o)
 .debug_str     0x0001622f       0xa8 /usr/lib/gcc/arm-none-eabi/13.2.1/../../../arm-none-eabi/lib/thumb/v7-m/nofp/libc_nano.a(libc_a-memcpy.o)

.comment        0x00000000       0x26
 .comment       0x00000000       0x26 build/main.o
                                 0x27 (size before relaxing)
 .comment       0x00000026       0x27 build/tasks.o
 .comment       0x00000026       0x27 build/list.o
 .comment       0x00000026       0x27 build/queue.o
 .comment       0x00000026       0x27 build/port.o
 .comment       0x00000026       0x27 build/heap_4.o
 .comment       0x00000026       0x27 /usr/lib/gcc/arm-none-eabi/13.2.1/../../../arm-none-eabi/lib/thumb/v7-m/nofp/libc_nano.a(libc_a-memset.o)

.ARM.attributes
                0x00000000       0x2b
 .ARM.attributes
                0x00000000       0x2d build/main.o
 .ARM.attributes
                0x0000002d       0x2d build/tasks.o
 .ARM.attributes
                0x0000005a       0x2d build/list.o
 .ARM.attributes
                0x00000087       0x2d build/queue.o
 .ARM.attributes
                0x000000b4       0x2d build/port.o
 .ARM.attributes
                0x000000e1       0x2d build/heap_4.o
 .ARM.attributes
                0x0000010e       0x21 build/startup_stm32f103.o
 .ARM.attributes
                0x0000012f       0x2d /usr/lib/gcc/arm-none-eabi/13.2.1/../../../arm-none-eabi/lib/thumb/v7-m/nofp/libc_nano.a(libc_a-memset.o)
 .ARM.attributes
                0x0000015c       0x1b /usr/lib/gcc/arm-none-eabi/13.2.1/../../../arm-none-eabi/lib/thumb/v7-m/nofp/libc_nano.a(libc_a-memcpy.o)

.debug_frame    0x00000000      0xa30
 .debug_frame   0x00000000       0x68 build/main.o
 .debug_frame   0x00000068      0x4e0 build/tasks.o
 .debug_frame   0x00000548       0x6c build/list.o
 .debug_frame   0x000005b4      0x288 build/queue.o
 .debug_frame   0x0000083c       0xd8 build/port.o
 .debug_frame   0x00000914       0xf0 build/heap_4.o
 .debug_frame   0x00000a04       0x2c /usr/lib/gcc/arm-none-eabi/13.2.1/../../../arm-none-eabi/lib/thumb/v7-m/nofp/libc_nano.a(libc_a-memset.o)

.debug_line_str
                0x00000000      0x10f
 .debug_line_str
                0x00000000      0x10f build/startup_stm32f103.o
                                 0x7a (size before relaxing)
 .debug_line_str
                0x0000010f       0x95 /usr/lib/gcc/arm-none-eabi/13.2.1/../../../arm-none-eabi/lib/thumb/v7-m/nofp/libc_nano.a(libc_a-memcpy.o)
