Archive member included to satisfy reference by file (symbol)

/usr/lib/gcc/arm-none-eabi/13.2.1/../../../arm-none-eabi/lib/thumb/v7-m/nofp/libc_nano.a(libc_a-memset.o)
                              build/tasks.o (memset)
/usr/lib/gcc/arm-none-eabi/13.2.1/../../../arm-none-eabi/lib/thumb/v7-m/nofp/libc_nano.a(libc_a-memcpy.o)
                              build/queue.o (memcpy)

Discarded input sections

 .group         0x00000000        0xc build/main.o
 .group         0x00000000        0xc build/main.o
 .group         0x00000000        0xc build/main.o
 .group         0x00000000        0xc build/main.o
 .group         0x00000000        0xc build/main.o
 .group         0x00000000        0xc build/main.o
 .group         0x00000000        0xc build/main.o
 .group         0x00000000        0xc build/main.o
 .group         0x00000000        0xc build/main.o
 .group         0x00000000        0xc build/main.o
 .group         0x00000000        0xc build/main.o
 .group         0x00000000        0xc build/main.o
 .group         0x00000000        0xc build/main.o
 .group         0x00000000        0xc build/main.o
 .group         0x00000000        0xc build/main.o
 .text          0x00000000        0x0 build/main.o
 .data          0x00000000        0x0 build/main.o
 .bss           0x00000000        0x0 build/main.o
 .group         0x00000000        0xc build/tasks.o
 .group         0x00000000        0xc build/tasks.o
 .group         0x00000000        0xc build/tasks.o
 .group         0x00000000        0xc build/tasks.o
 .group         0x00000000        0xc build/tasks.o
 .group         0x00000000        0xc build/tasks.o
 .group         0x00000000        0xc build/tasks.o
 .group         0x00000000        0xc build/tasks.o
 .group         0x00000000        0xc build/tasks.o
 .group         0x00000000        0xc build/tasks.o
 .group         0x00000000        0xc build/tasks.o
 .group         0x00000000        0xc build/tasks.o
 .group         0x00000000        0xc build/tasks.o
 .group         0x00000000        0xc build/tasks.o
 .group         0x00000000        0xc build/tasks.o
 .group         0x00000000        0xc build/tasks.o
 .group         0x00000000        0xc build/tasks.o
 .group         0x00000000        0xc build/tasks.o
 .group         0x00000000        0xc build/tasks.o
 .group         0x00000000        0xc build/tasks.o
 .group         0x00000000        0xc build/tasks.o
 .group         0x00000000        0xc build/tasks.o
 .group         0x00000000        0xc build/tasks.o
 .group         0x00000000        0xc build/tasks.o
 .group         0x00000000        0xc build/tasks.o
 .group         0x00000000        0xc build/tasks.o
 .group         0x00000000        0xc build/tasks.o
 .group         0x00000000        0xc build/tasks.o
 .group         0x00000000        0xc build/tasks.o
 .group         0x00000000        0xc build/tasks.o
 .group         0x00000000        0xc build/tasks.o
 .group         0x00000000        0xc build/tasks.o
 .group         0x00000000        0xc build/tasks.o
 .group         0x00000000        0xc build/tasks.o
 .group         0x00000000        0xc build/tasks.o
 .group         0x00000000        0xc build/tasks.o
 .text          0x00000000        0x0 build/tasks.o
 .data          0x00000000        0x0 build/tasks.o
 .bss           0x00000000        0x0 build/tasks.o
 .text.prvTaskIsTaskSuspended
                0x00000000       0x2c build/tasks.o
 .text.vTaskDelete
                0x00000000       0xc4 build/tasks.o
 .text.vTaskResume
                0x00000000       0x88 build/tasks.o
 .text.xTaskResumeFromISR
                0x00000000       0xa0 build/tasks.o
 .text.vTaskEndScheduler
                0x00000000       0x34 build/tasks.o
 .text.xTaskGetTickCount
                0x00000000        0xc build/tasks.o
 .text.xTaskGetTickCountFromISR
                0x00000000        0xc build/tasks.o
 .text.uxTaskGetNumberOfTasks
                0x00000000        0xc build/tasks.o
 .text.pcTaskGetName
                0x00000000       0x10 build/tasks.o
 .text.xTaskCatchUpTicks
                0x00000000       0x24 build/tasks.o
 .text.vTaskSuspend
                0x00000000       0xbc build/tasks.o
 .text.vTaskPlaceOnEventList
                0x00000000       0x20 build/tasks.o
 .text.vTaskPlaceOnUnorderedEventList
                0x00000000       0x40 build/tasks.o
 .text.xTaskRemoveFromEventList
                0x00000000       0xb8 build/tasks.o
 .text.vTaskRemoveFromUnorderedEventList
                0x00000000       0x94 build/tasks.o
 .text.vTaskSetTimeOutState
                0x00000000       0x24 build/tasks.o
 .text.vTaskInternalSetTimeOutState
                0x00000000       0x18 build/tasks.o
 .text.xTaskCheckForTimeOut
                0x00000000       0x50 build/tasks.o
 .text.vTaskMissedYield
                0x00000000        0xc build/tasks.o
 .text.xTaskGetCurrentTaskHandle
                0x00000000        0xc build/tasks.o
 .text.xTaskGetCurrentTaskHandleForCore
                0x00000000       0x10 build/tasks.o
 .text.xTaskPriorityInherit
                0x00000000       0xa0 build/tasks.o
 .text.xTaskPriorityDisinherit
                0x00000000       0x74 build/tasks.o
 .text.vTaskPriorityDisinheritAfterTimeout
                0x00000000       0x84 build/tasks.o
 .text.uxTaskResetEventItemValue
                0x00000000       0x18 build/tasks.o
 .text.pvTaskIncrementMutexHeldCount
                0x00000000       0x14 build/tasks.o
 .text.ulTaskGenericNotifyTake
                0x00000000       0xa4 build/tasks.o
 .text.xTaskGenericNotifyWait
                0x00000000       0xcc build/tasks.o
 .text.xTaskGenericNotify
                0x00000000       0xe8 build/tasks.o
 .text.xTaskGenericNotifyFromISR
                0x00000000      0x118 build/tasks.o
 .text.vTaskGenericNotifyGiveFromISR
                0x00000000       0xd8 build/tasks.o
 .text.xTaskGenericNotifyStateClear
                0x00000000       0x30 build/tasks.o
 .text.ulTaskGenericNotifyValueClear
                0x00000000       0x2c build/tasks.o
 .text.vTaskResetState
                0x00000000       0x64 build/tasks.o
 .debug_macro   0x00000000      0xac0 build/tasks.o
 .debug_macro   0x00000000      0x34e build/tasks.o
 .debug_macro   0x00000000       0x16 build/tasks.o
 .debug_macro   0x00000000       0xa6 build/tasks.o
 .debug_macro   0x00000000       0x3a build/tasks.o
 .debug_macro   0x00000000      0x182 build/tasks.o
 .debug_macro   0x00000000       0xe7 build/tasks.o
 .debug_macro   0x00000000       0x3a build/tasks.o
 .debug_macro   0x00000000       0x1f build/tasks.o
 .debug_macro   0x00000000       0x12 build/tasks.o
 .debug_macro   0x00000000     0x1159 build/tasks.o
 .debug_macro   0x00000000       0xc3 build/tasks.o
 .debug_macro   0x00000000      0x161 build/tasks.o
 .group         0x00000000        0xc build/list.o
 .group         0x00000000        0xc build/list.o
 .group         0x00000000        0xc build/list.o
 .group         0x00000000        0xc build/list.o
 .group         0x00000000        0xc build/list.o
 .group         0x00000000        0xc build/list.o
 .group         0x00000000        0xc build/list.o
 .group         0x00000000        0xc build/list.o
 .group         0x00000000        0xc build/list.o
 .group         0x00000000        0xc build/list.o
 .group         0x00000000        0xc build/list.o
 .group         0x00000000        0xc build/list.o
 .group         0x00000000        0xc build/list.o
 .group         0x00000000        0xc build/list.o
 .group         0x00000000        0xc build/list.o
 .group         0x00000000        0xc build/list.o
 .group         0x00000000        0xc build/list.o
 .group         0x00000000        0xc build/list.o
 .group         0x00000000        0xc build/list.o
 .group         0x00000000        0xc build/list.o
 .group         0x00000000        0xc build/list.o
 .group         0x00000000        0xc build/list.o
 .group         0x00000000        0xc build/list.o
 .group         0x00000000        0xc build/list.o
 .group         0x00000000        0xc build/list.o
 .group         0x00000000        0xc build/list.o
 .group         0x00000000        0xc build/list.o
 .group         0x00000000        0xc build/list.o
 .group         0x00000000        0xc build/list.o
 .group         0x00000000        0xc build/list.o
 .group         0x00000000        0xc build/list.o
 .text          0x00000000        0x0 build/list.o
 .data          0x00000000        0x0 build/list.o
 .bss           0x00000000        0x0 build/list.o
 .text.vListInsertEnd
                0x00000000       0x16 build/list.o
 .debug_macro   0x00000000      0xac0 build/list.o
 .debug_macro   0x00000000       0x24 build/list.o
 .debug_macro   0x00000000       0x22 build/list.o
 .debug_macro   0x00000000       0x60 build/list.o
 .debug_macro   0x00000000       0x94 build/list.o
 .debug_macro   0x00000000       0x3c build/list.o
 .debug_macro   0x00000000       0x34 build/list.o
 .debug_macro   0x00000000       0x16 build/list.o
 .debug_macro   0x00000000      0x11c build/list.o
 .debug_macro   0x00000000       0x9b build/list.o
 .debug_macro   0x00000000       0x57 build/list.o
 .debug_macro   0x00000000      0x370 build/list.o
 .debug_macro   0x00000000       0x16 build/list.o
 .debug_macro   0x00000000       0x4a build/list.o
 .debug_macro   0x00000000       0x34 build/list.o
 .debug_macro   0x00000000       0x10 build/list.o
 .debug_macro   0x00000000       0x52 build/list.o
 .debug_macro   0x00000000      0x1de build/list.o
 .debug_macro   0x00000000       0x16 build/list.o
 .debug_macro   0x00000000       0x29 build/list.o
 .debug_macro   0x00000000      0x34e build/list.o
 .debug_macro   0x00000000       0x16 build/list.o
 .debug_macro   0x00000000       0xa6 build/list.o
 .debug_macro   0x00000000       0x3a build/list.o
 .debug_macro   0x00000000      0x182 build/list.o
 .debug_macro   0x00000000       0xe7 build/list.o
 .debug_macro   0x00000000       0x3a build/list.o
 .debug_macro   0x00000000       0x1f build/list.o
 .debug_macro   0x00000000       0x12 build/list.o
 .debug_macro   0x00000000     0x1159 build/list.o
 .debug_macro   0x00000000       0xc3 build/list.o
 .group         0x00000000        0xc build/queue.o
 .group         0x00000000        0xc build/queue.o
 .group         0x00000000        0xc build/queue.o
 .group         0x00000000        0xc build/queue.o
 .group         0x00000000        0xc build/queue.o
 .group         0x00000000        0xc build/queue.o
 .group         0x00000000        0xc build/queue.o
 .group         0x00000000        0xc build/queue.o
 .group         0x00000000        0xc build/queue.o
 .group         0x00000000        0xc build/queue.o
 .group         0x00000000        0xc build/queue.o
 .group         0x00000000        0xc build/queue.o
 .group         0x00000000        0xc build/queue.o
 .group         0x00000000        0xc build/queue.o
 .group         0x00000000        0xc build/queue.o
 .group         0x00000000        0xc build/queue.o
 .group         0x00000000        0xc build/queue.o
 .group         0x00000000        0xc build/queue.o
 .group         0x00000000        0xc build/queue.o
 .group         0x00000000        0xc build/queue.o
 .group         0x00000000        0xc build/queue.o
 .group         0x00000000        0xc build/queue.o
 .group         0x00000000        0xc build/queue.o
 .group         0x00000000        0xc build/queue.o
 .group         0x00000000        0xc build/queue.o
 .group         0x00000000        0xc build/queue.o
 .group         0x00000000        0xc build/queue.o
 .group         0x00000000        0xc build/queue.o
 .group         0x00000000        0xc build/queue.o
 .group         0x00000000        0xc build/queue.o
 .group         0x00000000        0xc build/queue.o
 .group         0x00000000        0xc build/queue.o
 .group         0x00000000        0xc build/queue.o
 .group         0x00000000        0xc build/queue.o
 .group         0x00000000        0xc build/queue.o
 .text          0x00000000        0x0 build/queue.o
 .data          0x00000000        0x0 build/queue.o
 .bss           0x00000000        0x0 build/queue.o
 .text.prvIsQueueEmpty
                0x00000000       0x16 build/queue.o
 .text.prvCopyDataToQueue
                0x00000000       0x66 build/queue.o
 .text.prvCopyDataFromQueue
                0x00000000       0x28 build/queue.o
 .text.prvUnlockQueue
                0x00000000       0x6c build/queue.o
 .text.xQueueGenericReset
                0x00000000       0x7a build/queue.o
 .text.xQueueGenericCreate
                0x00000000       0x44 build/queue.o
 .text.xQueueGenericSend
                0x00000000       0xfa build/queue.o
 .text.xQueueCreateMutex
                0x00000000       0x24 build/queue.o
 .text.xQueueGenericSendFromISR
                0x00000000       0x6c build/queue.o
 .text.xQueueGiveFromISR
                0x00000000       0x60 build/queue.o
 .text.xQueueReceive
                0x00000000       0xee build/queue.o
 .text.xQueueSemaphoreTake
                0x00000000      0x11c build/queue.o
 .text.xQueuePeek
                0x00000000       0xec build/queue.o
 .text.xQueueReceiveFromISR
                0x00000000       0x6c build/queue.o
 .text.xQueuePeekFromISR
                0x00000000       0x30 build/queue.o
 .text.uxQueueMessagesWaiting
                0x00000000       0x12 build/queue.o
 .text.uxQueueSpacesAvailable
                0x00000000       0x16 build/queue.o
 .text.uxQueueMessagesWaitingFromISR
                0x00000000        0x4 build/queue.o
 .text.vQueueDelete
                0x00000000        0x4 build/queue.o
 .text.uxQueueGetQueueItemSize
                0x00000000        0x4 build/queue.o
 .text.uxQueueGetQueueLength
                0x00000000        0x4 build/queue.o
 .text.xQueueIsQueueEmptyFromISR
                0x00000000        0xa build/queue.o
 .text.xQueueIsQueueFullFromISR
                0x00000000        0xc build/queue.o
 .debug_info    0x00000000     0x1a64 build/queue.o
 .debug_abbrev  0x00000000      0x3c5 build/queue.o
 .debug_loclists
                0x00000000      0xc3d build/queue.o
 .debug_aranges
                0x00000000       0xd0 build/queue.o
 .debug_rnglists
                0x00000000      0x16d build/queue.o
 .debug_macro   0x00000000      0x203 build/queue.o
 .debug_macro   0x00000000      0xac0 build/queue.o
 .debug_macro   0x00000000       0x24 build/queue.o
 .debug_macro   0x00000000       0x22 build/queue.o
 .debug_macro   0x00000000       0x60 build/queue.o
 .debug_macro   0x00000000       0x94 build/queue.o
 .debug_macro   0x00000000       0x3c build/queue.o
 .debug_macro   0x00000000       0x34 build/queue.o
 .debug_macro   0x00000000       0x16 build/queue.o
 .debug_macro   0x00000000      0x11c build/queue.o
 .debug_macro   0x00000000       0x9b build/queue.o
 .debug_macro   0x00000000       0x57 build/queue.o
 .debug_macro   0x00000000      0x370 build/queue.o
 .debug_macro   0x00000000       0x16 build/queue.o
 .debug_macro   0x00000000       0x4a build/queue.o
 .debug_macro   0x00000000       0x34 build/queue.o
 .debug_macro   0x00000000       0x10 build/queue.o
 .debug_macro   0x00000000       0x52 build/queue.o
 .debug_macro   0x00000000      0x1de build/queue.o
 .debug_macro   0x00000000       0x16 build/queue.o
 .debug_macro   0x00000000       0x29 build/queue.o
 .debug_macro   0x00000000       0x16 build/queue.o
 .debug_macro   0x00000000       0x3c build/queue.o
 .debug_macro   0x00000000      0x34e build/queue.o
 .debug_macro   0x00000000       0x16 build/queue.o
 .debug_macro   0x00000000       0xa6 build/queue.o
 .debug_macro   0x00000000       0x3a build/queue.o
 .debug_macro   0x00000000      0x182 build/queue.o
 .debug_macro   0x00000000       0xe7 build/queue.o
 .debug_macro   0x00000000       0x3a build/queue.o
 .debug_macro   0x00000000       0x1f build/queue.o
 .debug_macro   0x00000000       0x12 build/queue.o
 .debug_macro   0x00000000     0x1159 build/queue.o
 .debug_macro   0x00000000       0xc3 build/queue.o
 .debug_macro   0x00000000      0x161 build/queue.o
 .debug_macro   0x00000000       0x80 build/queue.o
 .debug_line    0x00000000     0x11e6 build/queue.o
 .debug_str     0x00000000    0x12997 build/queue.o
 .comment       0x00000000       0x27 build/queue.o
 .debug_frame   0x00000000      0x288 build/queue.o
 .ARM.attributes
                0x00000000       0x2d build/queue.o
 .group         0x00000000        0xc build/port.o
 .group         0x00000000        0xc build/port.o
 .group         0x00000000        0xc build/port.o
 .group         0x00000000        0xc build/port.o
 .group         0x00000000        0xc build/port.o
 .group         0x00000000        0xc build/port.o
 .group         0x00000000        0xc build/port.o
 .group         0x00000000        0xc build/port.o
 .group         0x00000000        0xc build/port.o
 .group         0x00000000        0xc build/port.o
 .group         0x00000000        0xc build/port.o
 .group         0x00000000        0xc build/port.o
 .group         0x00000000        0xc build/port.o
 .group         0x00000000        0xc build/port.o
 .text          0x00000000        0x0 build/port.o
 .data          0x00000000        0x0 build/port.o
 .bss           0x00000000        0x0 build/port.o
 .text.vPortEndScheduler
                0x00000000        0x2 build/port.o
 .debug_macro   0x00000000      0xac0 build/port.o
 .debug_macro   0x00000000      0x190 build/port.o
 .debug_macro   0x00000000      0x34e build/port.o
 .debug_macro   0x00000000       0x16 build/port.o
 .debug_macro   0x00000000       0xa6 build/port.o
 .debug_macro   0x00000000       0x3a build/port.o
 .debug_macro   0x00000000      0x182 build/port.o
 .debug_macro   0x00000000       0xe7 build/port.o
 .debug_macro   0x00000000       0x3a build/port.o
 .debug_macro   0x00000000       0x1f build/port.o
 .debug_macro   0x00000000       0x12 build/port.o
 .debug_macro   0x00000000     0x1159 build/port.o
 .debug_macro   0x00000000       0xc3 build/port.o
 .debug_macro   0x00000000      0x161 build/port.o
 .group         0x00000000        0xc build/heap_4.o
 .group         0x00000000        0xc build/heap_4.o
 .group         0x00000000        0xc build/heap_4.o
 .group         0x00000000        0xc build/heap_4.o
 .group         0x00000000        0xc build/heap_4.o
 .group         0x00000000        0xc build/heap_4.o
 .group         0x00000000        0xc build/heap_4.o
 .group         0x00000000        0xc build/heap_4.o
 .group         0x00000000        0xc build/heap_4.o
 .group         0x00000000        0xc build/heap_4.o
 .group         0x00000000        0xc build/heap_4.o
 .group         0x00000000        0xc build/heap_4.o
 .group         0x00000000        0xc build/heap_4.o
 .group         0x00000000        0xc build/heap_4.o
 .group         0x00000000        0xc build/heap_4.o
 .group         0x00000000        0xc build/heap_4.o
 .group         0x00000000        0xc build/heap_4.o
 .group         0x00000000        0xc build/heap_4.o
 .group         0x00000000        0xc build/heap_4.o
 .group         0x00000000        0xc build/heap_4.o
 .group         0x00000000        0xc build/heap_4.o
 .group         0x00000000        0xc build/heap_4.o
 .group         0x00000000        0xc build/heap_4.o
 .group         0x00000000        0xc build/heap_4.o
 .group         0x00000000        0xc build/heap_4.o
 .group         0x00000000        0xc build/heap_4.o
 .group         0x00000000        0xc build/heap_4.o
 .group         0x00000000        0xc build/heap_4.o
 .group         0x00000000        0xc build/heap_4.o
 .group         0x00000000        0xc build/heap_4.o
 .group         0x00000000        0xc build/heap_4.o
 .group         0x00000000        0xc build/heap_4.o
 .group         0x00000000        0xc build/heap_4.o
 .group         0x00000000        0xc build/heap_4.o
 .text          0x00000000        0x0 build/heap_4.o
 .data          0x00000000        0x0 build/heap_4.o
 .bss           0x00000000        0x0 build/heap_4.o
 .text.xPortGetFreeHeapSize
                0x00000000        0xc build/heap_4.o
 .text.xPortGetMinimumEverFreeHeapSize
                0x00000000        0xc build/heap_4.o
 .text.xPortResetHeapMinimumEverFreeHeapSize
                0x00000000       0x14 build/heap_4.o
 .text.vPortInitialiseBlocks
                0x00000000        0x2 build/heap_4.o
 .text.pvPortCalloc
                0x00000000       0x2a build/heap_4.o
 .text.vPortGetHeapStats
                0x00000000       0x84 build/heap_4.o
 .text.vPortHeapResetState
                0x00000000       0x2c build/heap_4.o
 .debug_macro   0x00000000      0xac0 build/heap_4.o
 .debug_macro   0x00000000       0x24 build/heap_4.o
 .debug_macro   0x00000000       0x22 build/heap_4.o
 .debug_macro   0x00000000       0x60 build/heap_4.o
 .debug_macro   0x00000000       0x94 build/heap_4.o
 .debug_macro   0x00000000       0x3c build/heap_4.o
 .debug_macro   0x00000000       0x34 build/heap_4.o
 .debug_macro   0x00000000       0x16 build/heap_4.o
 .debug_macro   0x00000000      0x11c build/heap_4.o
 .debug_macro   0x00000000       0x9b build/heap_4.o
 .debug_macro   0x00000000       0x57 build/heap_4.o
 .debug_macro   0x00000000      0x370 build/heap_4.o
 .debug_macro   0x00000000       0x16 build/heap_4.o
 .debug_macro   0x00000000       0x4a build/heap_4.o
 .debug_macro   0x00000000       0x34 build/heap_4.o
 .debug_macro   0x00000000       0x10 build/heap_4.o
 .debug_macro   0x00000000       0x52 build/heap_4.o
 .debug_macro   0x00000000      0x1de build/heap_4.o
 .debug_macro   0x00000000       0x16 build/heap_4.o
 .debug_macro   0x00000000       0x29 build/heap_4.o
 .debug_macro   0x00000000       0x16 build/heap_4.o
 .debug_macro   0x00000000       0x3c build/heap_4.o
 .debug_macro   0x00000000      0x34e build/heap_4.o
 .debug_macro   0x00000000       0x16 build/heap_4.o
 .debug_macro   0x00000000       0xa6 build/heap_4.o
 .debug_macro   0x00000000       0x3a build/heap_4.o
 .debug_macro   0x00000000      0x182 build/heap_4.o
 .debug_macro   0x00000000       0xe7 build/heap_4.o
 .debug_macro   0x00000000       0x3a build/heap_4.o
 .debug_macro   0x00000000       0x1f build/heap_4.o
 .debug_macro   0x00000000       0x12 build/heap_4.o
 .debug_macro   0x00000000     0x1159 build/heap_4.o
 .debug_macro   0x00000000       0xc3 build/heap_4.o
 .debug_macro   0x00000000      0x161 build/heap_4.o
 .text          0x00000000        0x0 build/startup_stm32f103.o
 .data          0x00000000        0x0 build/startup_stm32f103.o
 .bss           0x00000000        0x0 build/startup_stm32f103.o
 .data          0x00000000        0x0 /usr/lib/gcc/arm-none-eabi/13.2.1/../../../arm-none-eabi/lib/thumb/v7-m/nofp/libc_nano.a(libc_a-memset.o)
 .bss           0x00000000        0x0 /usr/lib/gcc/arm-none-eabi/13.2.1/../../../arm-none-eabi/lib/thumb/v7-m/nofp/libc_nano.a(libc_a-memset.o)
 .text          0x00000000       0xec /usr/lib/gcc/arm-none-eabi/13.2.1/../../../arm-none-eabi/lib/thumb/v7-m/nofp/libc_nano.a(libc_a-memcpy.o)
 .data          0x00000000        0x0 /usr/lib/gcc/arm-none-eabi/13.2.1/../../../arm-none-eabi/lib/thumb/v7-m/nofp/libc_nano.a(libc_a-memcpy.o)
 .bss           0x00000000        0x0 /usr/lib/gcc/arm-none-eabi/13.2.1/../../../arm-none-eabi/lib/thumb/v7-m/nofp/libc_nano.a(libc_a-memcpy.o)
 .ARM.extab     0x00000000        0x0 /usr/lib/gcc/arm-none-eabi/13.2.1/../../../arm-none-eabi/lib/thumb/v7-m/nofp/libc_nano.a(libc_a-memcpy.o)
 .ARM.exidx     0x00000000        0x8 /usr/lib/gcc/arm-none-eabi/13.2.1/../../../arm-none-eabi/lib/thumb/v7-m/nofp/libc_nano.a(libc_a-memcpy.o)
 .debug_line    0x00000000       0xbd /usr/lib/gcc/arm-none-eabi/13.2.1/../../../arm-none-eabi/lib/thumb/v7-m/nofp/libc_nano.a(libc_a-memcpy.o)
 .debug_line_str
                0x00000000       0x95 /usr/lib/gcc/arm-none-eabi/13.2.1/../../../arm-none-eabi/lib/thumb/v7-m/nofp/libc_nano.a(libc_a-memcpy.o)
 .debug_info    0x00000000       0x33 /usr/lib/gcc/arm-none-eabi/13.2.1/../../../arm-none-eabi/lib/thumb/v7-m/nofp/libc_nano.a(libc_a-memcpy.o)
 .debug_abbrev  0x00000000       0x28 /usr/lib/gcc/arm-none-eabi/13.2.1/../../../arm-none-eabi/lib/thumb/v7-m/nofp/libc_nano.a(libc_a-memcpy.o)
 .debug_aranges
                0x00000000       0x20 /usr/lib/gcc/arm-none-eabi/13.2.1/../../../arm-none-eabi/lib/thumb/v7-m/nofp/libc_nano.a(libc_a-memcpy.o)
 .debug_str     0x00000000       0xa8 /usr/lib/gcc/arm-none-eabi/13.2.1/../../../arm-none-eabi/lib/thumb/v7-m/nofp/libc_nano.a(libc_a-memcpy.o)
 .eh_frame      0x00000000       0x2c /usr/lib/gcc/arm-none-eabi/13.2.1/../../../arm-none-eabi/lib/thumb/v7-m/nofp/libc_nano.a(libc_a-memcpy.o)
 .ARM.attributes
                0x00000000       0x1b /usr/lib/gcc/arm-none-eabi/13.2.1/../../../arm-none-eabi/lib/thumb/v7-m/nofp/libc_nano.a(libc_a-memcpy.o)

Memory Configuration

Name             Origin             Length             Attributes
FLASH            0x08000000         0x00010000         xr
RAM              0x20000000         0x00005000         xrw
*default*        0x00000000         0xffffffff

Linker script and memory map

LOAD build/main.o
LOAD build/tasks.o
LOAD build/list.o
LOAD build/queue.o
LOAD build/port.o
LOAD build/heap_4.o
LOAD build/startup_stm32f103.o
START GROUP
LOAD /usr/lib/gcc/arm-none-eabi/13.2.1/thumb/v7-m/nofp/libgcc.a
LOAD /usr/lib/gcc/arm-none-eabi/13.2.1/../../../arm-none-eabi/lib/thumb/v7-m/nofp/libc_nano.a
END GROUP
START GROUP
LOAD /usr/lib/gcc/arm-none-eabi/13.2.1/thumb/v7-m/nofp/libgcc.a
LOAD /usr/lib/gcc/arm-none-eabi/13.2.1/../../../arm-none-eabi/lib/thumb/v7-m/nofp/libc_nano.a
LOAD /usr/lib/gcc/arm-none-eabi/13.2.1/../../../arm-none-eabi/lib/thumb/v7-m/nofp/libnosys.a
END GROUP
START GROUP
LOAD /usr/lib/gcc/arm-none-eabi/13.2.1/thumb/v7-m/nofp/libgcc.a
LOAD /usr/lib/gcc/arm-none-eabi/13.2.1/../../../arm-none-eabi/lib/thumb/v7-m/nofp/libc_nano.a
LOAD /usr/lib/gcc/arm-none-eabi/13.2.1/../../../arm-none-eabi/lib/thumb/v7-m/nofp/libnosys.a
END GROUP
                0x20005000                        _estack = (ORIGIN (RAM) + LENGTH (RAM))

.isr_vector     0x08000000       0xec
                0x08000000                        . = ALIGN (0x4)
 *(.isr_vector)
 .isr_vector    0x08000000       0xec build/startup_stm32f103.o
                0x08000000                g_pfnVectorTable
                0x080000ec                        . = ALIGN (0x4)

.text           0x080000ec      0xc88
                0x080000ec                        . = ALIGN (0x4)
 *(.text)
 .text          0x080000ec       0xa0 /usr/lib/gcc/arm-none-eabi/13.2.1/../../../arm-none-eabi/lib/thumb/v7-m/nofp/libc_nano.a(libc_a-memset.o)
                0x080000ec                memset
 *(.text*)
 .text.led_task
                0x0800018c       0x1c build/main.o
 .text.startup.main
                0x080001a8       0xb0 build/main.o
                0x080001a8                main
 .text.vApplicationStackOverflowHook
                0x08000258        0x2 build/main.o
                0x08000258                vApplicationStackOverflowHook
 *fill*         0x0800025a        0x2 
 .text.prvAddCurrentTaskToDelayedList
                0x0800025c       0xac build/tasks.o
 .text.prvResetNextTaskUnblockTime
                0x08000308       0x24 build/tasks.o
 .text.prvCheckTasksWaitingTermination
                0x0800032c       0x48 build/tasks.o
 .text.prvIdleTask
                0x08000374       0x28 build/tasks.o
 .text.xTaskCreate
                0x0800039c      0x1c0 build/tasks.o
                0x0800039c                xTaskCreate
 .text.vTaskStartScheduler
                0x0800055c       0x7c build/tasks.o
                0x0800055c                vTaskStartScheduler
 .text.vTaskSuspendAll
                0x080005d8       0x10 build/tasks.o
                0x080005d8                vTaskSuspendAll
 .text.xTaskIncrementTick
                0x080005e8      0x178 build/tasks.o
                0x080005e8                xTaskIncrementTick
 .text.xTaskResumeAll
                0x08000760      0x14c build/tasks.o
                0x08000760                xTaskResumeAll
 .text.vTaskDelay
                0x080008ac       0x2e build/tasks.o
                0x080008ac                vTaskDelay
 *fill*         0x080008da        0x2 
 .text.vTaskSwitchContext
                0x080008dc       0x9c build/tasks.o
                0x080008dc                vTaskSwitchContext
 .text.vListInitialise
                0x08000978       0x16 build/list.o
                0x08000978                vListInitialise
 .text.vListInitialiseItem
                0x0800098e        0x6 build/list.o
                0x0800098e                vListInitialiseItem
 .text.vListInsert
                0x08000994       0x2e build/list.o
                0x08000994                vListInsert
 .text.uxListRemove
                0x080009c2       0x1e build/list.o
                0x080009c2                uxListRemove
 .text.prvTaskExitError
                0x080009e0       0x20 build/port.o
 .text.prvPortStartFirstTask
                0x08000a00       0x20 build/port.o
 .text.pxPortInitialiseStack
                0x08000a20       0x24 build/port.o
                0x08000a20                pxPortInitialiseStack
 .text.SVC_Handler
                0x08000a44       0x24 build/port.o
                0x08000a44                SVC_Handler
 .text.vPortEnterCritical
                0x08000a68       0x20 build/port.o
                0x08000a68                vPortEnterCritical
 .text.vPortExitCritical
                0x08000a88       0x14 build/port.o
                0x08000a88                vPortExitCritical
 .text.PendSV_Handler
                0x08000a9c       0x44 build/port.o
                0x08000a9c                PendSV_Handler
 .text.SysTick_Handler
                0x08000ae0       0x2c build/port.o
                0x08000ae0                SysTick_Handler
 .text.vPortSetupTimerInterrupt
                0x08000b0c       0x16 build/port.o
                0x08000b0c                vPortSetupTimerInterrupt
 *fill*         0x08000b22        0x2 
 .text.xPortStartScheduler
                0x08000b24       0x40 build/port.o
                0x08000b24                xPortStartScheduler
 .text.pvPortMalloc
                0x08000b64       0xf8 build/heap_4.o
                0x08000b64                pvPortMalloc
 .text.vPortFree
                0x08000c5c       0x94 build/heap_4.o
                0x08000c5c                vPortFree
 .text.Reset_Handler
                0x08000cf0       0x40 build/startup_stm32f103.o
                0x08000cf0                Reset_Handler
 .text.Default_Handler
                0x08000d30        0x2 build/startup_stm32f103.o
                0x08000d30                EXTI2_IRQHandler
                0x08000d30                DebugMon_Handler
                0x08000d30                TIM1_CC_IRQHandler
                0x08000d30                HardFault_Handler
                0x08000d30                PVD_IRQHandler
                0x08000d30                NMI_Handler
                0x08000d30                EXTI3_IRQHandler
                0x08000d30                EXTI0_IRQHandler
                0x08000d30                I2C2_EV_IRQHandler
                0x08000d30                UsageFault_Handler
                0x08000d30                ADC1_2_IRQHandler
                0x08000d30                SPI1_IRQHandler
                0x08000d30                TAMPER_IRQHandler
                0x08000d30                DMA1_Channel4_IRQHandler
                0x08000d30                USART3_IRQHandler
                0x08000d30                RTC_IRQHandler
                0x08000d30                DMA1_Channel7_IRQHandler
                0x08000d30                CAN1_RX1_IRQHandler
                0x08000d30                TIM4_IRQHandler
                0x08000d30                I2C1_EV_IRQHandler
                0x08000d30                DMA1_Channel6_IRQHandler
                0x08000d30                TIM3_IRQHandler
                0x08000d30                RCC_IRQHandler
                0x08000d30                TIM1_TRG_COM_IRQHandler
                0x08000d30                DMA1_Channel1_IRQHandler
                0x08000d30                EXTI15_10_IRQHandler
                0x08000d30                EXTI9_5_IRQHandler
                0x08000d30                SPI2_IRQHandler
                0x08000d30                MemManage_Handler
                0x08000d30                DMA1_Channel5_IRQHandler
                0x08000d30                EXTI4_IRQHandler
                0x08000d30                USB_LP_CAN1_RX0_IRQHandler
                0x08000d30                USB_HP_CAN1_TX_IRQHandler
                0x08000d30                DMA1_Channel3_IRQHandler
                0x08000d30                TIM1_UP_IRQHandler
                0x08000d30                WWDG_IRQHandler
                0x08000d30                TIM2_IRQHandler
                0x08000d30                TIM1_BRK_IRQHandler
                0x08000d30                EXTI1_IRQHandler
                0x08000d30                RTCAlarm_IRQHandler
                0x08000d30                USART2_IRQHandler
                0x08000d30                I2C2_ER_IRQHandler
                0x08000d30                DMA1_Channel2_IRQHandler
                0x08000d30                CAN1_SCE_IRQHandler
                0x08000d30                FLASH_IRQHandler
                0x08000d30                BusFault_Handler
                0x08000d30                USART1_IRQHandler
                0x08000d30                I2C1_ER_IRQHandler
                0x08000d30                USBWakeUp_IRQHandler
 *(.rodata)
 *(.rodata*)
 .rodata.main.str1.1
                0x08000d32       0x1a build/main.o
                                 0x15 (size before relaxing)
 .rodata.led_c  0x08000d4c        0xc build/main.o
 .rodata.led_b  0x08000d58        0xc build/main.o
 .rodata.led_a  0x08000d64        0xc build/main.o
 .rodata.vTaskStartScheduler.str1.1
                0x08000d70        0x5 build/tasks.o
 .rodata.uxTopUsedPriority
                0x08000d70        0x4 build/tasks.o
                0x08000d78                        . = ALIGN (0x4)

.glue_7         0x08000d74        0x0
 .glue_7        0x08000d74        0x0 linker stubs

.glue_7t        0x08000d74        0x0
 .glue_7t       0x08000d74        0x0 linker stubs

.vfp11_veneer   0x08000d74        0x0
 .vfp11_veneer  0x08000d74        0x0 linker stubs

.v4_bx          0x08000d74        0x0
 .v4_bx         0x08000d74        0x0 linker stubs

.iplt           0x08000d74        0x0
 .iplt          0x08000d74        0x0 build/main.o

.rel.dyn        0x08000d74        0x0
 .rel.iplt      0x08000d74        0x0 build/main.o

.data           0x20000000        0x4 load address 0x08000d74
                0x20000000                        . = ALIGN (0x4)
                0x20000000                        _sdata = .
 *(.data)
 *(.data*)
 .data.uxCriticalNesting
                0x20000000        0x4 build/port.o
                0x20000004                        . = ALIGN (0x4)
                0x20000004                        _edata = .
                0x08000d74                        _sidata = LOADADDR (.data)

.igot.plt       0x20000004        0x0 load address 0x08000d78
 .igot.plt      0x20000004        0x0 build/main.o

.bss            0x20000004     0x1120 load address 0x08000d78
                0x20000004                        . = ALIGN (0x4)
                0x20000004                        _sbss = .
 *(.bss)
 *(.bss*)
 .bss.uxSchedulerSuspended
                0x20000004        0x4 build/tasks.o
 .bss.xIdleTaskHandles
                0x20000008        0x4 build/tasks.o
 .bss.xNextTaskUnblockTime
                0x2000000c        0x4 build/tasks.o
 .bss.uxTaskNumber
                0x20000010        0x4 build/tasks.o
 .bss.xNumOfOverflows
                0x20000014        0x4 build/tasks.o
 .bss.xYieldPendings
                0x20000018        0x4 build/tasks.o
 .bss.xPendedTicks
                0x2000001c        0x4 build/tasks.o
 .bss.xSchedulerRunning
                0x20000020        0x4 build/tasks.o
 .bss.uxTopReadyPriority
                0x20000024        0x4 build/tasks.o
 .bss.xTickCount
                0x20000028        0x4 build/tasks.o
 .bss.uxCurrentNumberOfTasks
                0x2000002c        0x4 build/tasks.o
 .bss.xSuspendedTaskList
                0x20000030       0x14 build/tasks.o
 .bss.uxDeletedTasksWaitingCleanUp
                0x20000044        0x4 build/tasks.o
 .bss.xTasksWaitingTermination
                0x20000048       0x14 build/tasks.o
 .bss.xPendingReadyList
                0x2000005c       0x14 build/tasks.o
 .bss.pxOverflowDelayedTaskList
                0x20000070        0x4 build/tasks.o
 .bss.pxDelayedTaskList
                0x20000074        0x4 build/tasks.o
 .bss.xDelayedTaskList2
                0x20000078       0x14 build/tasks.o
 .bss.xDelayedTaskList1
                0x2000008c       0x14 build/tasks.o
 .bss.pxReadyTasksLists
                0x200000a0       0x64 build/tasks.o
 .bss.pxCurrentTCB
                0x20000104        0x4 build/tasks.o
                0x20000104                pxCurrentTCB
 .bss.xNumberOfSuccessfulFrees
                0x20000108        0x4 build/heap_4.o
 .bss.xNumberOfSuccessfulAllocations
                0x2000010c        0x4 build/heap_4.o
 .bss.xMinimumEverFreeBytesRemaining
                0x20000110        0x4 build/heap_4.o
 .bss.xFreeBytesRemaining
                0x20000114        0x4 build/heap_4.o
 .bss.pxEnd     0x20000118        0x4 build/heap_4.o
 .bss.xStart    0x2000011c        0x8 build/heap_4.o
 .bss.ucHeap    0x20000124     0x1000 build/heap_4.o
 *(COMMON)
                0x20001124                        . = ALIGN (0x4)
                0x20001124                        _ebss = .
OUTPUT(build/three-thread-blink.elf elf32-littlearm)
LOAD linker stubs

.debug_info     0x00000000     0x39b5
 .debug_info    0x00000000      0x573 build/main.o
 .debug_info    0x00000573     0x26ef build/tasks.o
 .debug_info    0x00002c62      0x2b2 build/list.o
 .debug_info    0x00002f14      0x35e build/port.o
 .debug_info    0x00003272      0x5eb build/heap_4.o
 .debug_info    0x0000385d       0x23 build/startup_stm32f103.o
 .debug_info    0x00003880      0x135 /usr/lib/gcc/arm-none-eabi/13.2.1/../../../arm-none-eabi/lib/thumb/v7-m/nofp/libc_nano.a(libc_a-memset.o)

.debug_abbrev   0x00000000      0xe1f
 .debug_abbrev  0x00000000      0x218 build/main.o
 .debug_abbrev  0x00000218      0x4f3 build/tasks.o
 .debug_abbrev  0x0000070b      0x105 build/list.o
 .debug_abbrev  0x00000810      0x261 build/port.o
 .debug_abbrev  0x00000a71      0x2e5 build/heap_4.o
 .debug_abbrev  0x00000d56       0x12 build/startup_stm32f103.o
 .debug_abbrev  0x00000d68       0xb7 /usr/lib/gcc/arm-none-eabi/13.2.1/../../../arm-none-eabi/lib/thumb/v7-m/nofp/libc_nano.a(libc_a-memset.o)

.debug_loclists
                0x00000000     0x1c2f
 .debug_loclists
                0x00000000       0xc2 build/main.o
 .debug_loclists
                0x000000c2     0x155e build/tasks.o
 .debug_loclists
                0x00001620       0x77 build/list.o
 .debug_loclists
                0x00001697       0x82 build/port.o
 .debug_loclists
                0x00001719      0x33f build/heap_4.o
 .debug_loclists
                0x00001a58      0x1d7 /usr/lib/gcc/arm-none-eabi/13.2.1/../../../arm-none-eabi/lib/thumb/v7-m/nofp/libc_nano.a(libc_a-memset.o)

.debug_aranges  0x00000000      0x308
 .debug_aranges
                0x00000000       0x30 build/main.o
 .debug_aranges
                0x00000030      0x180 build/tasks.o
 .debug_aranges
                0x000001b0       0x40 build/list.o
 .debug_aranges
                0x000001f0       0x70 build/port.o
 .debug_aranges
                0x00000260       0x60 build/heap_4.o
 .debug_aranges
                0x000002c0       0x28 build/startup_stm32f103.o
 .debug_aranges
                0x000002e8       0x20 /usr/lib/gcc/arm-none-eabi/13.2.1/../../../arm-none-eabi/lib/thumb/v7-m/nofp/libc_nano.a(libc_a-memset.o)

.debug_rnglists
                0x00000000      0x3ba
 .debug_rnglists
                0x00000000       0x20 build/main.o
 .debug_rnglists
                0x00000020      0x2a9 build/tasks.o
 .debug_rnglists
                0x000002c9       0x2b build/list.o
 .debug_rnglists
                0x000002f4       0x5b build/port.o
 .debug_rnglists
                0x0000034f       0x52 build/heap_4.o
 .debug_rnglists
                0x000003a1       0x19 build/startup_stm32f103.o

.debug_macro    0x00000000     0x3b10
 .debug_macro   0x00000000       0x9f build/main.o
 .debug_macro   0x0000009f      0xac0 build/main.o
 .debug_macro   0x00000b5f      0x34e build/main.o
 .debug_macro   0x00000ead       0xd0 build/main.o
 .debug_macro   0x00000f7d      0x190 build/main.o
 .debug_macro   0x0000110d       0x16 build/main.o
 .debug_macro   0x00001123       0xa6 build/main.o
 .debug_macro   0x000011c9       0x3a build/main.o
 .debug_macro   0x00001203      0x182 build/main.o
 .debug_macro   0x00001385       0xe7 build/main.o
 .debug_macro   0x0000146c       0x3a build/main.o
 .debug_macro   0x000014a6       0x1f build/main.o
 .debug_macro   0x000014c5       0x12 build/main.o
 .debug_macro   0x000014d7     0x1159 build/main.o
 .debug_macro   0x00002630       0xc3 build/main.o
 .debug_macro   0x000026f3      0x161 build/main.o
 .debug_macro   0x00002854      0x297 build/tasks.o
 .debug_macro   0x00002aeb       0x24 build/tasks.o
 .debug_macro   0x00002b0f       0x22 build/tasks.o
 .debug_macro   0x00002b31       0x60 build/tasks.o
 .debug_macro   0x00002b91       0x94 build/tasks.o
 .debug_macro   0x00002c25       0x3c build/tasks.o
 .debug_macro   0x00002c61       0x34 build/tasks.o
 .debug_macro   0x00002c95       0x16 build/tasks.o
 .debug_macro   0x00002cab      0x11c build/tasks.o
 .debug_macro   0x00002dc7       0x9b build/tasks.o
 .debug_macro   0x00002e62       0x57 build/tasks.o
 .debug_macro   0x00002eb9      0x370 build/tasks.o
 .debug_macro   0x00003229       0x16 build/tasks.o
 .debug_macro   0x0000323f       0x4a build/tasks.o
 .debug_macro   0x00003289       0x34 build/tasks.o
 .debug_macro   0x000032bd       0x10 build/tasks.o
 .debug_macro   0x000032cd       0x52 build/tasks.o
 .debug_macro   0x0000331f      0x1de build/tasks.o
 .debug_macro   0x000034fd       0x16 build/tasks.o
 .debug_macro   0x00003513       0x29 build/tasks.o
 .debug_macro   0x0000353c       0x16 build/tasks.o
 .debug_macro   0x00003552       0x3c build/tasks.o
 .debug_macro   0x0000358e       0x98 build/tasks.o
 .debug_macro   0x00003626       0x16 build/tasks.o
 .debug_macro   0x0000363c      0x171 build/list.o
 .debug_macro   0x000037ad      0x162 build/port.o
 .debug_macro   0x0000390f      0x201 build/heap_4.o

.debug_line     0x00000000     0x33d4
 .debug_line    0x00000000      0x282 build/main.o
 .debug_line    0x00000282     0x1f74 build/tasks.o
 .debug_line    0x000021f6      0x45a build/list.o
 .debug_line    0x00002650      0x3c2 build/port.o
 .debug_line    0x00002a12      0x79e build/heap_4.o
 .debug_line    0x000031b0       0x73 build/startup_stm32f103.o
 .debug_line    0x00003223      0x1b1 /usr/lib/gcc/arm-none-eabi/13.2.1/../../../arm-none-eabi/lib/thumb/v7-m/nofp/libc_nano.a(libc_a-memset.o)

.debug_str      0x00000000    0x14b71
 .debug_str     0x00000000    0x14b71 build/main.o
                               0xecef (size before relaxing)
 .debug_str     0x00014b71    0x139d6 build/tasks.o
 .debug_str     0x00014b71    0x10243 build/list.o
 .debug_str     0x00014b71     0xefe5 build/port.o
 .debug_str     0x00014b71    0x11de1 build/heap_4.o
 .debug_str     0x00014b71       0x6e build/startup_stm32f103.o
 .debug_str     0x00014b71      0x1a5 /usr/lib/gcc/arm-none-eabi/13.2.1/../../../arm-none-eabi/lib/thumb/v7-m/nofp/libc_nano.a(libc_a-memset.o)

.comment        0x00000000       0x26
 .comment       0x00000000       0x26 build/main.o
                                 0x27 (size before relaxing)
 .comment       0x00000026       0x27 build/tasks.o
 .comment       0x00000026       0x27 build/list.o
 .comment       0x00000026       0x27 build/port.o
 .comment       0x00000026       0x27 build/heap_4.o
 .comment       0x00000026       0x27 /usr/lib/gcc/arm-none-eabi/13.2.1/../../../arm-none-eabi/lib/thumb/v7-m/nofp/libc_nano.a(libc_a-memset.o)

.ARM.attributes
                0x00000000       0x2b
 .ARM.attributes
                0x00000000       0x2d build/main.o
 .ARM.attributes
                0x0000002d       0x2d build/tasks.o
 .ARM.attributes
                0x0000005a       0x2d build/list.o
 .ARM.attributes
                0x00000087       0x2d build/port.o
 .ARM.attributes
                0x000000b4       0x2d build/heap_4.o
 .ARM.attributes
                0x000000e1       0x21 build/startup_stm32f103.o
 .ARM.attributes
                0x00000102       0x2d /usr/lib/gcc/arm-none-eabi/13.2.1/../../../arm-none-eabi/lib/thumb/v7-m/nofp/libc_nano.a(libc_a-memset.o)

.debug_frame    0x00000000      0x794
 .debug_frame   0x00000000       0x54 build/main.o
 .debug_frame   0x00000054      0x4e0 build/tasks.o
 .debug_frame   0x00000534       0x6c build/list.o
 .debug_frame   0x000005a0       0xd8 build/port.o
 .debug_frame   0x00000678       0xf0 build/heap_4.o
 .debug_frame   0x00000768       0x2c /usr/lib/gcc/arm-none-eabi/13.2.1/../../../arm-none-eabi/lib/thumb/v7-m/nofp/libc_nano.a(libc_a-memset.o)

.debug_line_str
                0x00000000       0x62
 .debug_line_str
                0x00000000       0x62 build/startup_stm32f103.o
